Archive member included to satisfy reference by file (symbol)

D:/7th fucked up term/Embedded System/STM32IDE/STM32CubeIDE_1.19.0/STM32CubeIDE/plugins/com.st.stm32cube.ide.mcu.externaltools.gnu-tools-for-stm32.13.3.rel1.win32_1.0.0.202411081344/tools/bin/../lib/gcc/arm-none-eabi/13.3.1/../../../../arm-none-eabi/lib/thumb/v7-m/nofp\libc_nano.a(libc_a-exit.o)
                              D:/7th fucked up term/Embedded System/STM32IDE/STM32CubeIDE_1.19.0/STM32CubeIDE/plugins/com.st.stm32cube.ide.mcu.externaltools.gnu-tools-for-stm32.13.3.rel1.win32_1.0.0.202411081344/tools/bin/../lib/gcc/arm-none-eabi/13.3.1/../../../../arm-none-eabi/lib/thumb/v7-m/nofp/crt0.o (exit)
D:/7th fucked up term/Embedded System/STM32IDE/STM32CubeIDE_1.19.0/STM32CubeIDE/plugins/com.st.stm32cube.ide.mcu.externaltools.gnu-tools-for-stm32.13.3.rel1.win32_1.0.0.202411081344/tools/bin/../lib/gcc/arm-none-eabi/13.3.1/../../../../arm-none-eabi/lib/thumb/v7-m/nofp\libc_nano.a(libc_a-findfp.o)
                              D:/7th fucked up term/Embedded System/STM32IDE/STM32CubeIDE_1.19.0/STM32CubeIDE/plugins/com.st.stm32cube.ide.mcu.externaltools.gnu-tools-for-stm32.13.3.rel1.win32_1.0.0.202411081344/tools/bin/../lib/gcc/arm-none-eabi/13.3.1/../../../../arm-none-eabi/lib/thumb/v7-m/nofp\libc_nano.a(libc_a-exit.o) (__stdio_exit_handler)
D:/7th fucked up term/Embedded System/STM32IDE/STM32CubeIDE_1.19.0/STM32CubeIDE/plugins/com.st.stm32cube.ide.mcu.externaltools.gnu-tools-for-stm32.13.3.rel1.win32_1.0.0.202411081344/tools/bin/../lib/gcc/arm-none-eabi/13.3.1/../../../../arm-none-eabi/lib/thumb/v7-m/nofp\libc_nano.a(libc_a-fwalk.o)
                              D:/7th fucked up term/Embedded System/STM32IDE/STM32CubeIDE_1.19.0/STM32CubeIDE/plugins/com.st.stm32cube.ide.mcu.externaltools.gnu-tools-for-stm32.13.3.rel1.win32_1.0.0.202411081344/tools/bin/../lib/gcc/arm-none-eabi/13.3.1/../../../../arm-none-eabi/lib/thumb/v7-m/nofp\libc_nano.a(libc_a-findfp.o) (_fwalk_sglue)
D:/7th fucked up term/Embedded System/STM32IDE/STM32CubeIDE_1.19.0/STM32CubeIDE/plugins/com.st.stm32cube.ide.mcu.externaltools.gnu-tools-for-stm32.13.3.rel1.win32_1.0.0.202411081344/tools/bin/../lib/gcc/arm-none-eabi/13.3.1/../../../../arm-none-eabi/lib/thumb/v7-m/nofp\libc_nano.a(libc_a-stdio.o)
                              D:/7th fucked up term/Embedded System/STM32IDE/STM32CubeIDE_1.19.0/STM32CubeIDE/plugins/com.st.stm32cube.ide.mcu.externaltools.gnu-tools-for-stm32.13.3.rel1.win32_1.0.0.202411081344/tools/bin/../lib/gcc/arm-none-eabi/13.3.1/../../../../arm-none-eabi/lib/thumb/v7-m/nofp\libc_nano.a(libc_a-findfp.o) (__sread)
D:/7th fucked up term/Embedded System/STM32IDE/STM32CubeIDE_1.19.0/STM32CubeIDE/plugins/com.st.stm32cube.ide.mcu.externaltools.gnu-tools-for-stm32.13.3.rel1.win32_1.0.0.202411081344/tools/bin/../lib/gcc/arm-none-eabi/13.3.1/../../../../arm-none-eabi/lib/thumb/v7-m/nofp\libc_nano.a(libc_a-memset.o)
                              D:/7th fucked up term/Embedded System/STM32IDE/STM32CubeIDE_1.19.0/STM32CubeIDE/plugins/com.st.stm32cube.ide.mcu.externaltools.gnu-tools-for-stm32.13.3.rel1.win32_1.0.0.202411081344/tools/bin/../lib/gcc/arm-none-eabi/13.3.1/../../../../arm-none-eabi/lib/thumb/v7-m/nofp/crt0.o (memset)
D:/7th fucked up term/Embedded System/STM32IDE/STM32CubeIDE_1.19.0/STM32CubeIDE/plugins/com.st.stm32cube.ide.mcu.externaltools.gnu-tools-for-stm32.13.3.rel1.win32_1.0.0.202411081344/tools/bin/../lib/gcc/arm-none-eabi/13.3.1/../../../../arm-none-eabi/lib/thumb/v7-m/nofp\libc_nano.a(libc_a-closer.o)
                              D:/7th fucked up term/Embedded System/STM32IDE/STM32CubeIDE_1.19.0/STM32CubeIDE/plugins/com.st.stm32cube.ide.mcu.externaltools.gnu-tools-for-stm32.13.3.rel1.win32_1.0.0.202411081344/tools/bin/../lib/gcc/arm-none-eabi/13.3.1/../../../../arm-none-eabi/lib/thumb/v7-m/nofp\libc_nano.a(libc_a-stdio.o) (_close_r)
D:/7th fucked up term/Embedded System/STM32IDE/STM32CubeIDE_1.19.0/STM32CubeIDE/plugins/com.st.stm32cube.ide.mcu.externaltools.gnu-tools-for-stm32.13.3.rel1.win32_1.0.0.202411081344/tools/bin/../lib/gcc/arm-none-eabi/13.3.1/../../../../arm-none-eabi/lib/thumb/v7-m/nofp\libc_nano.a(libc_a-reent.o)
                              D:/7th fucked up term/Embedded System/STM32IDE/STM32CubeIDE_1.19.0/STM32CubeIDE/plugins/com.st.stm32cube.ide.mcu.externaltools.gnu-tools-for-stm32.13.3.rel1.win32_1.0.0.202411081344/tools/bin/../lib/gcc/arm-none-eabi/13.3.1/../../../../arm-none-eabi/lib/thumb/v7-m/nofp\libc_nano.a(libc_a-closer.o) (errno)
D:/7th fucked up term/Embedded System/STM32IDE/STM32CubeIDE_1.19.0/STM32CubeIDE/plugins/com.st.stm32cube.ide.mcu.externaltools.gnu-tools-for-stm32.13.3.rel1.win32_1.0.0.202411081344/tools/bin/../lib/gcc/arm-none-eabi/13.3.1/../../../../arm-none-eabi/lib/thumb/v7-m/nofp\libc_nano.a(libc_a-impure.o)
[...]
Memory Configuration

Name             Origin             Length             Attributes
FLASH            0x08010000         0x00010000         xr
RAM              0x20000000         0x00005000         xrw
*default*        0x00000000         0xffffffff

Linker script and memory map

LOAD D:/7th fucked up term/Embedded System/STM32IDE/STM32CubeIDE_1.19.0/STM32CubeIDE/plugins/com.st.stm32cube.ide.mcu.externaltools.gnu-tools-for-stm32.13.3.rel1.win32_1.0.0.202411081344/tools/bin/../lib/gcc/arm-none-eabi/13.3.1/thumb/v7-m/nofp/crti.o
LOAD D:/7th fucked up term/Embedded System/STM32IDE/STM32CubeIDE_1.19.0/STM32CubeIDE/plugins/com.st.stm32cube.ide.mcu.externaltools.gnu-tools-for-stm32.13.3.rel1.win32_1.0.0.202411081344/tools/bin/../lib/gcc/arm-none-eabi/13.3.1/thumb/v7-m/nofp/crtbegin.o
LOAD D:/7th fucked up term/Embedded System/STM32IDE/STM32CubeIDE_1.19.0/STM32CubeIDE/plugins/com.st.stm32cube.ide.mcu.externaltools.gnu-tools-for-stm32.13.3.rel1.win32_1.0.0.202411081344/tools/bin/../lib/gcc/arm-none-eabi/13.3.1/../../../../arm-none-eabi/lib/thumb/v7-m/nofp/crt0.o
LOAD ./Core/Src/main.o
LOAD ./Core/Src/stm32f1xx_hal_msp.o
LOAD ./Core/Src/stm32f1xx_it.o
LOAD ./Core/Src/syscalls.o
LOAD ./Core/Src/sysmem.o
LOAD ./Core/Src/system_stm32f1xx.o
LOAD ./Core/Src/usb_serial.o
LOAD ./Core/Startup/startup_stm32f103c8tx.o
LOAD ./Drivers/STM32F1xx_HAL_Driver/Src/stm32f1xx_hal.o
LOAD ./Drivers/STM32F1xx_HAL_Driver/Src/stm32f1xx_hal_cortex.o
LOAD ./Drivers/STM32F1xx_HAL_Driver/Src/stm32f1xx_hal_dma.o
LOAD ./Drivers/STM32F1xx_HAL_Driver/Src/stm32f1xx_hal_exti.o
LOAD ./Drivers/STM32F1xx_HAL_Driver/Src/stm32f1xx_hal_flash.o
LOAD ./Drivers/STM32F1xx_HAL_Driver/Src/stm32f1xx_hal_flash_ex.o
LOAD ./Drivers/STM32F1xx_HAL_Driver/Src/stm32f1xx_hal_gpio.o
LOAD ./Drivers/STM32F1xx_HAL_Driver/Src/stm32f1xx_hal_gpio_ex.o
LOAD ./Drivers/STM32F1xx_HAL_Driver/Src/stm32f1xx_hal_pcd.o
LOAD ./Drivers/STM32F1xx_HAL_Driver/Src/stm32f1xx_hal_pcd_ex.o
LOAD ./Drivers/STM32F1xx_HAL_Driver/Src/stm32f1xx_hal_pwr.o
LOAD ./Drivers/STM32F1xx_HAL_Driver/Src/stm32f1xx_hal_rcc.o
LOAD ./Drivers/STM32F1xx_HAL_Driver/Src/stm32f1xx_hal_rcc_ex.o
LOAD ./Drivers/STM32F1xx_HAL_Driver/Src/stm32f1xx_ll_usb.o
LOAD ./Middlewares/ST/STM32_USB_Device_Library/Class/CDC/Src/usbd_cdc.o
LOAD ./Middlewares/ST/STM32_USB_Device_Library/Core/Src/usbd_core.o
LOAD ./Middlewares/ST/STM32_USB_Device_Library/Core/Src/usbd_ctlreq.o
LOAD ./Middlewares/ST/STM32_USB_Device_Library/Core/Src/usbd_ioreq.o
LOAD ./USB_DEVICE/App/usb_device.o
LOAD ./USB_DEVICE/App/usbd_cdc_if.o
LOAD ./USB_DEVICE/App/usbd_desc.o
LOAD ./USB_DEVICE/Target/usbd_conf.o
START GROUP
LOAD D:/7th fucked up term/Embedded System/STM32IDE/STM32CubeIDE_1.19.0/STM32CubeIDE/plugins/com.st.stm32cube.ide.mcu.externaltools.gnu-tools-for-stm32.13.3.rel1.win32_1.0.0.202411081344/tools/bin/../lib/gcc/arm-none-eabi/13.3.1/../../../../arm-none-eabi/lib/thumb/v7-m/nofp\libc_nano.a
LOAD D:/7th fucked up term/Embedded System/STM32IDE/STM32CubeIDE_1.19.0/STM32CubeIDE/plugins/com.st.stm32cube.ide.mcu.externaltools.gnu-tools-for-stm32.13.3.rel1.win32_1.0.0.202411081344/tools/bin/../lib/gcc/arm-none-eabi/13.3.1/../../../../arm-none-eabi/lib/thumb/v7-m/nofp\libm.a
END GROUP
START GROUP
LOAD D:/7th fucked up term/Embedded System/STM32IDE/STM32CubeIDE_1.19.0/STM32CubeIDE/plugins/com.st.stm32cube.ide.mcu.externaltools.gnu-tools-for-stm32.13.3.rel1.win32_1.0.0.202411081344/tools/bin/../lib/gcc/arm-none-eabi/13.3.1/thumb/v7-m/nofp\libgcc.a
LOAD D:/7th fucked up term/Embedded System/STM32IDE/STM32CubeIDE_1.19.0/STM32CubeIDE/plugins/com.st.stm32cube.ide.mcu.externaltools.gnu-tools-for-stm32.13.3.rel1.win32_1.0.0.202411081344/tools/bin/../lib/gcc/arm-none-eabi/13.3.1/../../../../arm-none-eabi/lib/thumb/v7-m/nofp\libc_nano.a
END GROUP
START GROUP
LOAD D:/7th fucked up term/Embedded System/STM32IDE/STM32CubeIDE_1.19.0/STM32CubeIDE/plugins/com.st.stm32cube.ide.mcu.externaltools.gnu-tools-for-stm32.13.3.rel1.win32_1.0.0.202411081344/tools/bin/../lib/gcc/arm-none-eabi/13.3.1/thumb/v7-m/nofp\libgcc.a
LOAD D:/7th fucked up term/Embedded System/STM32IDE/STM32CubeIDE_1.19.0/STM32CubeIDE/plugins/com.st.stm32cube.ide.mcu.externaltools.gnu-tools-for-stm32.13.3.rel1.win32_1.0.0.202411081344/tools/bin/../lib/gcc/arm-none-eabi/13.3.1/../../../../arm-none-eabi/lib/thumb/v7-m/nofp\libc_nano.a
LOAD D:/7th fucked up term/Embedded System/STM32IDE/STM32CubeIDE_1.19.0/STM32CubeIDE/plugins/com.st.stm32cube.ide.mcu.externaltools.gnu-tools-for-stm32.13.3.rel1.win32_1.0.0.202411081344/tools/bin/../lib/gcc/arm-none-eabi/13.3.1/../../../../arm-none-eabi/lib/thumb/v7-m/nofp\libnosys.a
END GROUP
START GROUP
LOAD D:/7th fucked up term/Embedded System/STM32IDE/STM32CubeIDE_1.19.0/STM32CubeIDE/plugins/com.st.stm32cube.ide.mcu.externaltools.gnu-tools-for-stm32.13.3.rel1.win32_1.0.0.202411081344/tools/bin/../lib/gcc/arm-none-eabi/13.3.1/thumb/v7-m/nofp\libgcc.a
LOAD D:/7th fucked up term/Embedded System/STM32IDE/STM32CubeIDE_1.19.0/STM32CubeIDE/plugins/com.st.stm32cube.ide.mcu.externaltools.gnu-tools-for-stm32.13.3.rel1.win32_1.0.0.202411081344/tools/bin/../lib/gcc/arm-none-eabi/13.3.1/../../../../arm-none-eabi/lib/thumb/v7-m/nofp\libc_nano.a
LOAD D:/7th fucked up term/Embedded System/STM32IDE/STM32CubeIDE_1.19.0/STM32CubeIDE/plugins/com.st.stm32cube.ide.mcu.externaltools.gnu-tools-for-stm32.13.3.rel1.win32_1.0.0.202411081344/tools/bin/../lib/gcc/arm-none-eabi/13.3.1/../../../../arm-none-eabi/lib/thumb/v7-m/nofp\libnosys.a
END GROUP
LOAD D:/7th fucked up term/Embedded System/STM32IDE/STM32CubeIDE_1.19.0/STM32CubeIDE/plugins/com.st.stm32cube.ide.mcu.externaltools.gnu-tools-for-stm32.13.3.rel1.win32_1.0.0.202411081344/tools/bin/../lib/gcc/arm-none-eabi/13.3.1/thumb/v7-m/nofp/crtend.o
LOAD D:/7th fucked up term/Embedded System/STM32IDE/STM32CubeIDE_1.19.0/STM32CubeIDE/plugins/com.st.stm32cube.ide.mcu.externaltools.gnu-tools-for-stm32.13.3.rel1.win32_1.0.0.202411081344/tools/bin/../lib/gcc/arm-none-eabi/13.3.1/thumb/v7-m/nofp/crtn.o
                0x20005000                        _estack = (ORIGIN (RAM) + LENGTH (RAM))
                0x00000200                        _Min_Heap_Size = 0x200
                0x00000400                        _Min_Stack_Size = 0x400

.isr_vector     0x08010000      0x10c
                0x08010000                        . = ALIGN (0x4)
 *(.isr_vector)
 .isr_vector    0x08010000      0x10c ./Core/Startup/startup_stm32f103c8tx.o
                0x08010000                g_pfnVectors
                0x0801010c                        . = ALIGN (0x4)

.text           0x0801010c     0x7748
                0x0801010c                        . = ALIGN (0x4)
 *(.text)
 .text          0x0801010c       0x40 D:/7th fucked up term/Embedded System/STM32IDE/STM32CubeIDE_1.19.0/STM32CubeIDE/plugins/com.st.stm32cube.ide.mcu.externaltools.gnu-tools-for-stm32.13.3.rel1.win32_1.0.0.202411081344/tools/bin/../lib/gcc/arm-none-eabi/13.3.1/thumb/v7-m/nofp/crtbegin.o
 *(.text*)
 .text.main     0x0801014c       0xdc ./Core/Src/main.o
                0x0801014c                main
 .text.SystemClock_Config
                0x08010228       0x96 ./Core/Src/main.o
                0x08010228                SystemClock_Config
 *fill*         0x080102be        0x2 
 .text.MX_GPIO_Init
                0x080102c0       0x64 ./Core/Src/main.o
 .text.Error_Handler
                0x08010324        0xc ./Core/Src/main.o
                0x08010324                Error_Handler
 .text.HAL_MspInit
                0x08010330       0x64 ./Core/Src/stm32f1xx_hal_msp.o
                0x08010330                HAL_MspInit
 .text.NMI_Handler
                0x08010394        0x8 ./Core/Src/stm32f1xx_it.o
                0x08010394                NMI_Handler
 .text.HardFault_Handler
                0x0801039c        0x8 ./Core/Src/stm32f1xx_it.o
                0x0801039c                HardFault_Handler
 .text.MemManage_Handler
                0x080103a4        0x8 ./Core/Src/stm32f1xx_it.o
                0x080103a4                MemManage_Handler
 .text.BusFault_Handler
                0x080103ac        0x8 ./Core/Src/stm32f1xx_it.o
                0x080103ac                BusFault_Handler
 .text.UsageFault_Handler
                0x080103b4        0x8 ./Core/Src/stm32f1xx_it.o
                0x080103b4                UsageFault_Handler
 .text.SVC_Handler
                0x080103bc        0xc ./Core/Src/stm32f1xx_it.o
                0x080103bc                SVC_Handler
 .text.DebugMon_Handler
                0x080103c8        0xc ./Core/Src/stm32f1xx_it.o
                0x080103c8                DebugMon_Handler
 .text.PendSV_Handler
                0x080103d4        0xc ./Core/Src/stm32f1xx_it.o
                0x080103d4                PendSV_Handler
 .text.SysTick_Handler
                0x080103e0        0xc ./Core/Src/stm32f1xx_it.o
                0x080103e0                SysTick_Handler
 .text.USB_LP_CAN1_RX0_IRQHandler
                0x080103ec       0x14 ./Core/Src/stm32f1xx_it.o
                0x080103ec                USB_LP_CAN1_RX0_IRQHandler
 .text.SystemInit
                0x08010400        0xc ./Core/Src/system_stm32f1xx.o
                0x08010400                SystemInit
 .text.CUSTOM_USB_Reconnect
                0x0801040c       0x3c ./Core/Src/usb_serial.o
                0x0801040c                CUSTOM_USB_Reconnect
 .text.CUSTOM_Receive_FS
                0x08010448       0x6c ./Core/Src/usb_serial.o
                0x08010448                CUSTOM_Receive_FS
 .text.USB_FifoCount
                0x080104b4       0x40 ./Core/Src/usb_serial.o
                0x080104b4                USB_FifoCount
 .text.USB_ReadNoWait
                0x080104f4       0x78 ./Core/Src/usb_serial.o
                0x080104f4                USB_ReadNoWait
 .text.USB_Write
                0x0801056c       0x28 ./Core/Src/usb_serial.o
                0x0801056c                USB_Write
 .text.Reset_Handler
                0x08010594       0x48 ./Core/Startup/startup_stm32f103c8tx.o
                0x08010594                Reset_Handler
 .text.Default_Handler
                0x080105dc        0x2 ./Core/Startup/startup_stm32f103c8tx.o
                0x080105dc                RTC_Alarm_IRQHandler
                0x080105dc                EXTI2_IRQHandler
                0x080105dc                TIM1_CC_IRQHandler
                0x080105dc                PVD_IRQHandler
                0x080105dc                EXTI3_IRQHandler
                0x080105dc                EXTI0_IRQHandler
                0x080105dc                I2C2_EV_IRQHandler
                0x080105dc                ADC1_2_IRQHandler
                0x080105dc                SPI1_IRQHandler
                0x080105dc                TAMPER_IRQHandler
                0x080105dc                DMA1_Channel4_IRQHandler
                0x080105dc                USART3_IRQHandler
                0x080105dc                RTC_IRQHandler
                0x080105dc                DMA1_Channel7_IRQHandler
                0x080105dc                CAN1_RX1_IRQHandler
                0x080105dc                TIM4_IRQHandler
                0x080105dc                I2C1_EV_IRQHandler
                0x080105dc                DMA1_Channel6_IRQHandler
                0x080105dc                TIM3_IRQHandler
                0x080105dc                RCC_IRQHandler
                0x080105dc                TIM1_TRG_COM_IRQHandler
                0x080105dc                DMA1_Channel1_IRQHandler
                0x080105dc                Default_Handler
                0x080105dc                EXTI15_10_IRQHandler
                0x080105dc                EXTI9_5_IRQHandler
                0x080105dc                SPI2_IRQHandler
                0x080105dc                DMA1_Channel5_IRQHandler
                0x080105dc                EXTI4_IRQHandler
                0x080105dc                USB_HP_CAN1_TX_IRQHandler
                0x080105dc                DMA1_Channel3_IRQHandler
                0x080105dc                TIM1_UP_IRQHandler
                0x080105dc                WWDG_IRQHandler
                0x080105dc                TIM2_IRQHandler
                0x080105dc                TIM1_BRK_IRQHandler
                0x080105dc                EXTI1_IRQHandler
                0x080105dc                USART2_IRQHandler
                0x080105dc                I2C2_ER_IRQHandler
                0x080105dc                DMA1_Channel2_IRQHandler
                0x080105dc                CAN1_SCE_IRQHandler
                0x080105dc                FLASH_IRQHandler
                0x080105dc                USART1_IRQHandler
                0x080105dc                I2C1_ER_IRQHandler
                0x080105dc                USBWakeUp_IRQHandler
 *fill*         0x080105de        0x2 
 .text.HAL_Init
                0x080105e0       0x2c ./Drivers/STM32F1xx_HAL_Driver/Src/stm32f1xx_hal.o
                0x080105e0                HAL_Init
 .text.HAL_InitTick
                0x0801060c       0x60 ./Drivers/STM32F1xx_HAL_Driver/Src/stm32f1xx_hal.o
                0x0801060c                HAL_InitTick
 .text.HAL_IncTick
                0x0801066c       0x24 ./Drivers/STM32F1xx_HAL_Driver/Src/stm32f1xx_hal.o
                0x0801066c                HAL_IncTick
 .text.HAL_GetTick
                0x08010690       0x14 ./Drivers/STM32F1xx_HAL_Driver/Src/stm32f1xx_hal.o
                0x08010690                HAL_GetTick
 .text.HAL_Delay
                0x080106a4       0x48 ./Drivers/STM32F1xx_HAL_Driver/Src/stm32f1xx_hal.o
                0x080106a4                HAL_Delay
 .text.__NVIC_SetPriorityGrouping
                0x080106ec       0x48 ./Drivers/STM32F1xx_HAL_Driver/Src/stm32f1xx_hal_cortex.o
 .text.__NVIC_GetPriorityGrouping
                0x08010734       0x1c ./Drivers/STM32F1xx_HAL_Driver/Src/stm32f1xx_hal_cortex.o
 .text.__NVIC_EnableIRQ
                0x08010750       0x38 ./Drivers/STM32F1xx_HAL_Driver/Src/stm32f1xx_hal_cortex.o
 .text.__NVIC_SetPriority
                0x08010788       0x54 ./Drivers/STM32F1xx_HAL_Driver/Src/stm32f1xx_hal_cortex.o
 .text.NVIC_EncodePriority
                0x080107dc       0x64 ./Drivers/STM32F1xx_HAL_Driver/Src/stm32f1xx_hal_cortex.o
 .text.__NVIC_SystemReset
                0x08010840       0x2c ./Drivers/STM32F1xx_HAL_Driver/Src/stm32f1xx_hal_cortex.o
 .text.SysTick_Config
                0x0801086c       0x44 ./Drivers/STM32F1xx_HAL_Driver/Src/stm32f1xx_hal_cortex.o
 .text.HAL_NVIC_SetPriorityGrouping
                0x080108b0       0x16 ./Drivers/STM32F1xx_HAL_Driver/Src/stm32f1xx_hal_cortex.o
                0x080108b0                HAL_NVIC_SetPriorityGrouping
 .text.HAL_NVIC_SetPriority
                0x080108c6       0x38 ./Drivers/STM32F1xx_HAL_Driver/Src/stm32f1xx_hal_cortex.o
                0x080108c6                HAL_NVIC_SetPriority
 .text.HAL_NVIC_EnableIRQ
                0x080108fe       0x1c ./Drivers/STM32F1xx_HAL_Driver/Src/stm32f1xx_hal_cortex.o
                0x080108fe                HAL_NVIC_EnableIRQ
 .text.HAL_NVIC_SystemReset
                0x0801091a        0x8 ./Drivers/STM32F1xx_HAL_Driver/Src/stm32f1xx_hal_cortex.o
                0x0801091a                HAL_NVIC_SystemReset
 .text.HAL_SYSTICK_Config
                0x08010922       0x18 ./Drivers/STM32F1xx_HAL_Driver/Src/stm32f1xx_hal_cortex.o
                0x08010922                HAL_SYSTICK_Config
 *fill*         0x0801093a        0x2 
 .text.HAL_GPIO_Init
                0x0801093c      0x308 ./Drivers/STM32F1xx_HAL_Driver/Src/stm32f1xx_hal_gpio.o
                0x0801093c                HAL_GPIO_Init
 .text.HAL_GPIO_WritePin
                0x08010c44       0x30 ./Drivers/STM32F1xx_HAL_Driver/Src/stm32f1xx_hal_gpio.o
                0x08010c44                HAL_GPIO_WritePin
 .text.HAL_GPIO_TogglePin
                0x08010c74       0x32 ./Drivers/STM32F1xx_HAL_Driver/Src/stm32f1xx_hal_gpio.o
                0x08010c74                HAL_GPIO_TogglePin
 .text.HAL_PCD_Init
                0x08010ca6      0x1ec ./Drivers/STM32F1xx_HAL_Driver/Src/stm32f1xx_hal_pcd.o
                0x08010ca6                HAL_PCD_Init
 .text.HAL_PCD_Start
                0x08010e92       0x4c ./Drivers/STM32F1xx_HAL_Driver/Src/stm32f1xx_hal_pcd.o
                0x08010e92                HAL_PCD_Start
 .text.HAL_PCD_IRQHandler
                0x08010ede      0x260 ./Drivers/STM32F1xx_HAL_Driver/Src/stm32f1xx_hal_pcd.o
                0x08010ede                HAL_PCD_IRQHandler
 .text.HAL_PCD_SetAddress
                0x0801113e       0x48 ./Drivers/STM32F1xx_HAL_Driver/Src/stm32f1xx_hal_pcd.o
                0x0801113e                HAL_PCD_SetAddress
 .text.HAL_PCD_EP_Open
                0x08011186       0xba ./Drivers/STM32F1xx_HAL_Driver/Src/stm32f1xx_hal_pcd.o
                0x08011186                HAL_PCD_EP_Open
 .text.HAL_PCD_EP_Close
                0x08011240       0x90 ./Drivers/STM32F1xx_HAL_Driver/Src/stm32f1xx_hal_pcd.o
                0x08011240                HAL_PCD_EP_Close
 .text.HAL_PCD_EP_Receive
                0x080112d0       0x62 ./Drivers/STM32F1xx_HAL_Driver/Src/stm32f1xx_hal_pcd.o
                0x080112d0                HAL_PCD_EP_Receive
 .text.HAL_PCD_EP_GetRxCount
                0x08011332       0x2e ./Drivers/STM32F1xx_HAL_Driver/Src/stm32f1xx_hal_pcd.o
                0x08011332                HAL_PCD_EP_GetRxCount
 .text.HAL_PCD_EP_Transmit
                0x08011360       0x6e ./Drivers/STM32F1xx_HAL_Driver/Src/stm32f1xx_hal_pcd.o
                0x08011360                HAL_PCD_EP_Transmit
 .text.HAL_PCD_EP_SetStall
                0x080113ce       0xc0 ./Drivers/STM32F1xx_HAL_Driver/Src/stm32f1xx_hal_pcd.o
                0x080113ce                HAL_PCD_EP_SetStall
 .text.HAL_PCD_EP_ClrStall
                0x0801148e       0xa8 ./Drivers/STM32F1xx_HAL_Driver/Src/stm32f1xx_hal_pcd.o
                0x0801148e                HAL_PCD_EP_ClrStall
 .text.PCD_EP_ISR_Handler
                0x08011536      0x79e ./Drivers/STM32F1xx_HAL_Driver/Src/stm32f1xx_hal_pcd.o
 .text.HAL_PCD_EP_DB_Receive
                0x08011cd4      0x21a ./Drivers/STM32F1xx_HAL_Driver/Src/stm32f1xx_hal_pcd.o
 .text.HAL_PCD_EP_DB_Transmit
                0x08011eee      0x7f4 ./Drivers/STM32F1xx_HAL_Driver/Src/stm32f1xx_hal_pcd.o
 .text.HAL_PCDEx_PMAConfig
                0x080126e2       0x84 ./Drivers/STM32F1xx_HAL_Driver/Src/stm32f1xx_hal_pcd_ex.o
                0x080126e2                HAL_PCDEx_PMAConfig
 *fill*         0x08012766        0x2 
 .text.HAL_PWR_EnableBkUpAccess
                0x08012768       0x18 ./Drivers/STM32F1xx_HAL_Driver/Src/stm32f1xx_hal_pwr.o
                0x08012768                HAL_PWR_EnableBkUpAccess
 .text.HAL_RCC_OscConfig
                0x08012780      0x504 ./Drivers/STM32F1xx_HAL_Driver/Src/stm32f1xx_hal_rcc.o
                0x08012780                HAL_RCC_OscConfig
 .text.HAL_RCC_ClockConfig
                0x08012c84      0x1d4 ./Drivers/STM32F1xx_HAL_Driver/Src/stm32f1xx_hal_rcc.o
                0x08012c84                HAL_RCC_ClockConfig
 .text.HAL_RCC_GetSysClockFreq
                0x08012e58       0xa8 ./Drivers/STM32F1xx_HAL_Driver/Src/stm32f1xx_hal_rcc.o
                0x08012e58                HAL_RCC_GetSysClockFreq
 .text.RCC_Delay
                0x08012f00       0x3c ./Drivers/STM32F1xx_HAL_Driver/Src/stm32f1xx_hal_rcc.o
 .text.HAL_RCCEx_PeriphCLKConfig
                0x08012f3c      0x16c ./Drivers/STM32F1xx_HAL_Driver/Src/stm32f1xx_hal_rcc_ex.o
                0x08012f3c                HAL_RCCEx_PeriphCLKConfig
 .text.USB_CoreInit
                0x080130a8       0x1a ./Drivers/STM32F1xx_HAL_Driver/Src/stm32f1xx_ll_usb.o
                0x080130a8                USB_CoreInit
 .text.USB_EnableGlobalInt
                0x080130c2       0x2c ./Drivers/STM32F1xx_HAL_Driver/Src/stm32f1xx_ll_usb.o
                0x080130c2                USB_EnableGlobalInt
 .text.USB_DisableGlobalInt
                0x080130ee       0x34 ./Drivers/STM32F1xx_HAL_Driver/Src/stm32f1xx_ll_usb.o
                0x080130ee                USB_DisableGlobalInt
 .text.USB_SetCurrentMode
                0x08013122       0x18 ./Drivers/STM32F1xx_HAL_Driver/Src/stm32f1xx_ll_usb.o
                0x08013122                USB_SetCurrentMode
 .text.USB_DevInit
                0x0801313a       0x3a ./Drivers/STM32F1xx_HAL_Driver/Src/stm32f1xx_ll_usb.o
                0x0801313a                USB_DevInit
 .text.USB_ActivateEndpoint
                0x08013174      0x780 ./Drivers/STM32F1xx_HAL_Driver/Src/stm32f1xx_ll_usb.o
                0x08013174                USB_ActivateEndpoint
 .text.USB_DeactivateEndpoint
                0x080138f4      0x3d8 ./Drivers/STM32F1xx_HAL_Driver/Src/stm32f1xx_ll_usb.o
                0x080138f4                USB_DeactivateEndpoint
 .text.USB_EPStartXfer
                0x08013ccc     0x1762 ./Drivers/STM32F1xx_HAL_Driver/Src/stm32f1xx_ll_usb.o
                0x08013ccc                USB_EPStartXfer
 .text.USB_EPSetStall
                0x0801542e       0xa0 ./Drivers/STM32F1xx_HAL_Driver/Src/stm32f1xx_ll_usb.o
                0x0801542e                USB_EPSetStall
 .text.USB_EPClearStall
                0x080154ce      0x15a ./Drivers/STM32F1xx_HAL_Driver/Src/stm32f1xx_ll_usb.o
                0x080154ce                USB_EPClearStall
 .text.USB_SetDevAddress
                0x08015628       0x26 ./Drivers/STM32F1xx_HAL_Driver/Src/stm32f1xx_ll_usb.o
                0x08015628                USB_SetDevAddress
 .text.USB_DevConnect
                0x0801564e       0x14 ./Drivers/STM32F1xx_HAL_Driver/Src/stm32f1xx_ll_usb.o
                0x0801564e                USB_DevConnect
 .text.USB_DevDisconnect
                0x08015662       0x14 ./Drivers/STM32F1xx_HAL_Driver/Src/stm32f1xx_ll_usb.o
                0x08015662                USB_DevDisconnect
 .text.USB_ReadInterrupts
                0x08015676       0x1e ./Drivers/STM32F1xx_HAL_Driver/Src/stm32f1xx_ll_usb.o
                0x08015676                USB_ReadInterrupts
 .text.USB_EP0_OutStart
                0x08015694       0x16 ./Drivers/STM32F1xx_HAL_Driver/Src/stm32f1xx_ll_usb.o
                0x08015694                USB_EP0_OutStart
 .text.USB_WritePMA
                0x080156aa       0x8c ./Drivers/STM32F1xx_HAL_Driver/Src/stm32f1xx_ll_usb.o
                0x080156aa                USB_WritePMA
 .text.USB_ReadPMA
                0x08015736       0x9e ./Drivers/STM32F1xx_HAL_Driver/Src/stm32f1xx_ll_usb.o
                0x08015736                USB_ReadPMA
 .text.USBD_CDC_Init
                0x080157d4       0xf4 ./Middlewares/ST/STM32_USB_Device_Library/Class/CDC/Src/usbd_cdc.o
 .text.USBD_CDC_DeInit
                0x080158c8       0x6e ./Middlewares/ST/STM32_USB_Device_Library/Class/CDC/Src/usbd_cdc.o
 .text.USBD_CDC_Setup
                0x08015936      0x146 ./Middlewares/ST/STM32_USB_Device_Library/Class/CDC/Src/usbd_cdc.o
 .text.USBD_CDC_DataIn
                0x08015a7c       0xa6 ./Middlewares/ST/STM32_USB_Device_Library/Class/CDC/Src/usbd_cdc.o
 .text.USBD_CDC_DataOut
                0x08015b22       0x56 ./Middlewares/ST/STM32_USB_Device_Library/Class/CDC/Src/usbd_cdc.o
 .text.USBD_CDC_EP0_RxReady
                0x08015b78       0x4e ./Middlewares/ST/STM32_USB_Device_Library/Class/CDC/Src/usbd_cdc.o
 *fill*         0x08015bc6        0x2 
 .text.USBD_CDC_GetFSCfgDesc
                0x08015bc8       0x20 ./Middlewares/ST/STM32_USB_Device_Library/Class/CDC/Src/usbd_cdc.o
 .text.USBD_CDC_GetHSCfgDesc
                0x08015be8       0x20 ./Middlewares/ST/STM32_USB_Device_Library/Class/CDC/Src/usbd_cdc.o
 .text.USBD_CDC_GetOtherSpeedCfgDesc
                0x08015c08       0x20 ./Middlewares/ST/STM32_USB_Device_Library/Class/CDC/Src/usbd_cdc.o
 .text.USBD_CDC_GetDeviceQualifierDescriptor
                0x08015c28       0x20 ./Middlewares/ST/STM32_USB_Device_Library/Class/CDC/Src/usbd_cdc.o
                0x08015c28                USBD_CDC_GetDeviceQualifierDescriptor
 .text.USBD_CDC_RegisterInterface
                0x08015c48       0x2c ./Middlewares/ST/STM32_USB_Device_Library/Class/CDC/Src/usbd_cdc.o
                0x08015c48                USBD_CDC_RegisterInterface
 .text.USBD_CDC_SetTxBuffer
                0x08015c74       0x32 ./Middlewares/ST/STM32_USB_Device_Library/Class/CDC/Src/usbd_cdc.o
                0x08015c74                USBD_CDC_SetTxBuffer
 .text.USBD_CDC_SetRxBuffer
                0x08015ca6       0x26 ./Middlewares/ST/STM32_USB_Device_Library/Class/CDC/Src/usbd_cdc.o
                0x08015ca6                USBD_CDC_SetRxBuffer
 .text.USBD_CDC_TransmitPacket
                0x08015ccc       0x5e ./Middlewares/ST/STM32_USB_Device_Library/Class/CDC/Src/usbd_cdc.o
                0x08015ccc                USBD_CDC_TransmitPacket
 .text.USBD_CDC_ReceivePacket
                0x08015d2a       0x54 ./Middlewares/ST/STM32_USB_Device_Library/Class/CDC/Src/usbd_cdc.o
                0x08015d2a                USBD_CDC_ReceivePacket
 .text.USBD_Init
                0x08015d7e       0x56 ./Middlewares/ST/STM32_USB_Device_Library/Core/Src/usbd_core.o
                0x08015d7e                USBD_Init
 .text.USBD_RegisterClass
                0x08015dd4       0x32 ./Middlewares/ST/STM32_USB_Device_Library/Core/Src/usbd_core.o
                0x08015dd4                USBD_RegisterClass
 .text.USBD_Start
                0x08015e06       0x18 ./Middlewares/ST/STM32_USB_Device_Library/Core/Src/usbd_core.o
                0x08015e06                USBD_Start
 .text.USBD_RunTestMode
                0x08015e1e       0x14 ./Middlewares/ST/STM32_USB_Device_Library/Core/Src/usbd_core.o
                0x08015e1e                USBD_RunTestMode
 .text.USBD_SetClassConfig
                0x08015e32       0x3e ./Middlewares/ST/STM32_USB_Device_Library/Core/Src/usbd_core.o
                0x08015e32                USBD_SetClassConfig
 .text.USBD_ClrClassConfig
                0x08015e70       0x26 ./Middlewares/ST/STM32_USB_Device_Library/Core/Src/usbd_core.o
                0x08015e70                USBD_ClrClassConfig
 .text.USBD_LL_SetupStage
                0x08015e96       0x9a ./Middlewares/ST/STM32_USB_Device_Library/Core/Src/usbd_core.o
                0x08015e96                USBD_LL_SetupStage
 .text.USBD_LL_DataOutStage
                0x08015f30       0xe2 ./Middlewares/ST/STM32_USB_Device_Library/Core/Src/usbd_core.o
                0x08015f30                USBD_LL_DataOutStage
 .text.USBD_LL_DataInStage
                0x08016012      0x14a ./Middlewares/ST/STM32_USB_Device_Library/Core/Src/usbd_core.o
                0x08016012                USBD_LL_DataInStage
 .text.USBD_LL_Reset
                0x0801615c       0x82 ./Middlewares/ST/STM32_USB_Device_Library/Core/Src/usbd_core.o
                0x0801615c                USBD_LL_Reset
 .text.USBD_LL_SetSpeed
                0x080161de       0x1e ./Middlewares/ST/STM32_USB_Device_Library/Core/Src/usbd_core.o
                0x080161de                USBD_LL_SetSpeed
 .text.USBD_LL_Suspend
                0x080161fc       0x28 ./Middlewares/ST/STM32_USB_Device_Library/Core/Src/usbd_core.o
                0x080161fc                USBD_LL_Suspend
 .text.USBD_LL_Resume
                0x08016224       0x2a ./Middlewares/ST/STM32_USB_Device_Library/Core/Src/usbd_core.o
                0x08016224                USBD_LL_Resume
 .text.USBD_LL_SOF
                0x0801624e       0x34 ./Middlewares/ST/STM32_USB_Device_Library/Core/Src/usbd_core.o
                0x0801624e                USBD_LL_SOF
 *fill*         0x08016282        0x2 
 .text.USBD_StdDevReq
                0x08016284       0xd4 ./Middlewares/ST/STM32_USB_Device_Library/Core/Src/usbd_ctlreq.o
                0x08016284                USBD_StdDevReq
 .text.USBD_StdItfReq
                0x08016358       0x90 ./Middlewares/ST/STM32_USB_Device_Library/Core/Src/usbd_ctlreq.o
                0x08016358                USBD_StdItfReq
 .text.USBD_StdEPReq
                0x080163e8      0x2c6 ./Middlewares/ST/STM32_USB_Device_Library/Core/Src/usbd_ctlreq.o
                0x080163e8                USBD_StdEPReq
 *fill*         0x080166ae        0x2 
 .text.USBD_GetDescriptor
                0x080166b0      0x2d0 ./Middlewares/ST/STM32_USB_Device_Library/Core/Src/usbd_ctlreq.o
 .text.USBD_SetAddress
                0x08016980       0x86 ./Middlewares/ST/STM32_USB_Device_Library/Core/Src/usbd_ctlreq.o
 *fill*         0x08016a06        0x2 
 .text.USBD_SetConfig
                0x08016a08      0x11c ./Middlewares/ST/STM32_USB_Device_Library/Core/Src/usbd_ctlreq.o
 .text.USBD_GetConfig
                0x08016b24       0x6a ./Middlewares/ST/STM32_USB_Device_Library/Core/Src/usbd_ctlreq.o
 .text.USBD_GetStatus
                0x08016b8e       0x66 ./Middlewares/ST/STM32_USB_Device_Library/Core/Src/usbd_ctlreq.o
 .text.USBD_SetFeature
                0x08016bf4       0x28 ./Middlewares/ST/STM32_USB_Device_Library/Core/Src/usbd_ctlreq.o
 .text.USBD_ClrFeature
                0x08016c1c       0x42 ./Middlewares/ST/STM32_USB_Device_Library/Core/Src/usbd_ctlreq.o
 .text.USBD_ParseSetupRequest
                0x08016c5e       0x72 ./Middlewares/ST/STM32_USB_Device_Library/Core/Src/usbd_ctlreq.o
                0x08016c5e                USBD_ParseSetupRequest
 .text.USBD_CtlError
                0x08016cd0       0x22 ./Middlewares/ST/STM32_USB_Device_Library/Core/Src/usbd_ctlreq.o
                0x08016cd0                USBD_CtlError
 .text.USBD_GetString
                0x08016cf2       0x84 ./Middlewares/ST/STM32_USB_Device_Library/Core/Src/usbd_ctlreq.o
                0x08016cf2                USBD_GetString
 .text.USBD_GetLen
                0x08016d76       0x2e ./Middlewares/ST/STM32_USB_Device_Library/Core/Src/usbd_ctlreq.o
 .text.USBD_CtlSendData
                0x08016da4       0x38 ./Middlewares/ST/STM32_USB_Device_Library/Core/Src/usbd_ioreq.o
                0x08016da4                USBD_CtlSendData
 .text.USBD_CtlContinueSendData
                0x08016ddc       0x24 ./Middlewares/ST/STM32_USB_Device_Library/Core/Src/usbd_ioreq.o
                0x08016ddc                USBD_CtlContinueSendData
 .text.USBD_CtlPrepareRx
                0x08016e00       0x3c ./Middlewares/ST/STM32_USB_Device_Library/Core/Src/usbd_ioreq.o
                0x08016e00                USBD_CtlPrepareRx
 .text.USBD_CtlContinueRx
                0x08016e3c       0x24 ./Middlewares/ST/STM32_USB_Device_Library/Core/Src/usbd_ioreq.o
                0x08016e3c                USBD_CtlContinueRx
 .text.USBD_CtlSendStatus
                0x08016e60       0x26 ./Middlewares/ST/STM32_USB_Device_Library/Core/Src/usbd_ioreq.o
                0x08016e60                USBD_CtlSendStatus
 .text.USBD_CtlReceiveStatus
                0x08016e86       0x26 ./Middlewares/ST/STM32_USB_Device_Library/Core/Src/usbd_ioreq.o
                0x08016e86                USBD_CtlReceiveStatus
 .text.MX_USB_DEVICE_Init
                0x08016eac       0x60 ./USB_DEVICE/App/usb_device.o
                0x08016eac                MX_USB_DEVICE_Init
 .text.CDC_Init_FS
                0x08016f0c       0x28 ./USB_DEVICE/App/usbd_cdc_if.o
 .text.CDC_DeInit_FS
                0x08016f34        0xe ./USB_DEVICE/App/usbd_cdc_if.o
 *fill*         0x08016f42        0x2 
 .text.CDC_Control_FS
                0x08016f44       0xbc ./USB_DEVICE/App/usbd_cdc_if.o
 .text.CDC_Receive_FS
                0x08017000       0x28 ./USB_DEVICE/App/usbd_cdc_if.o
 .text.CDC_Transmit_FS
                0x08017028       0x4c ./USB_DEVICE/App/usbd_cdc_if.o
                0x08017028                CDC_Transmit_FS
 .text.USBD_FS_DeviceDescriptor
                0x08017074       0x24 ./USB_DEVICE/App/usbd_desc.o
                0x08017074                USBD_FS_DeviceDescriptor
 .text.USBD_FS_LangIDStrDescriptor
                0x08017098       0x24 ./USB_DEVICE/App/usbd_desc.o
                0x08017098                USBD_FS_LangIDStrDescriptor
 .text.USBD_FS_ProductStrDescriptor
                0x080170bc       0x3c ./USB_DEVICE/App/usbd_desc.o
                0x080170bc                USBD_FS_ProductStrDescriptor
 .text.USBD_FS_ManufacturerStrDescriptor
                0x080170f8       0x28 ./USB_DEVICE/App/usbd_desc.o
                0x080170f8                USBD_FS_ManufacturerStrDescriptor
 .text.USBD_FS_SerialStrDescriptor
                0x08017120       0x24 ./USB_DEVICE/App/usbd_desc.o
                0x08017120                USBD_FS_SerialStrDescriptor
 .text.USBD_FS_ConfigStrDescriptor
                0x08017144       0x3c ./USB_DEVICE/App/usbd_desc.o
                0x08017144                USBD_FS_ConfigStrDescriptor
 .text.USBD_FS_InterfaceStrDescriptor
                0x08017180       0x3c ./USB_DEVICE/App/usbd_desc.o
                0x08017180                USBD_FS_InterfaceStrDescriptor
 .text.Get_SerialNum
                0x080171bc       0x58 ./USB_DEVICE/App/usbd_desc.o
 .text.IntToUnicode
                0x08017214       0x7c ./USB_DEVICE/App/usbd_desc.o
 .text.HAL_PCD_MspInit
                0x08017290       0x4c ./USB_DEVICE/Target/usbd_conf.o
                0x08017290                HAL_PCD_MspInit
 .text.HAL_PCD_SetupStageCallback
                0x080172dc       0x24 ./USB_DEVICE/Target/usbd_conf.o
                0x080172dc                HAL_PCD_SetupStageCallback
 .text.HAL_PCD_DataOutStageCallback
                0x08017300       0x36 ./USB_DEVICE/Target/usbd_conf.o
                0x08017300                HAL_PCD_DataOutStageCallback
 .text.HAL_PCD_DataInStageCallback
                0x08017336       0x34 ./USB_DEVICE/Target/usbd_conf.o
                0x08017336                HAL_PCD_DataInStageCallback
 .text.HAL_PCD_SOFCallback
                0x0801736a       0x1c ./USB_DEVICE/Target/usbd_conf.o
                0x0801736a                HAL_PCD_SOFCallback
 .text.HAL_PCD_ResetCallback
                0x08017386       0x3c ./USB_DEVICE/Target/usbd_conf.o
                0x08017386                HAL_PCD_ResetCallback
 *fill*         0x080173c2        0x2 
 .text.HAL_PCD_SuspendCallback
                0x080173c4       0x34 ./USB_DEVICE/Target/usbd_conf.o
                0x080173c4                HAL_PCD_SuspendCallback
 .text.HAL_PCD_ResumeCallback
                0x080173f8       0x1c ./USB_DEVICE/Target/usbd_conf.o
                0x080173f8                HAL_PCD_ResumeCallback
 .text.USBD_LL_Init
                0x08017414       0xb4 ./USB_DEVICE/Target/usbd_conf.o
                0x08017414                USBD_LL_Init
 .text.USBD_LL_Start
                0x080174c8       0x36 ./USB_DEVICE/Target/usbd_conf.o
                0x080174c8                USBD_LL_Start
 .text.USBD_LL_OpenEP
                0x080174fe       0x4c ./USB_DEVICE/Target/usbd_conf.o
                0x080174fe                USBD_LL_OpenEP
 .text.USBD_LL_CloseEP
                0x0801754a       0x3e ./USB_DEVICE/Target/usbd_conf.o
                0x0801754a                USBD_LL_CloseEP
 .text.USBD_LL_StallEP
                0x08017588       0x3e ./USB_DEVICE/Target/usbd_conf.o
                0x08017588                USBD_LL_StallEP
 .text.USBD_LL_ClearStallEP
                0x080175c6       0x3e ./USB_DEVICE/Target/usbd_conf.o
                0x080175c6                USBD_LL_ClearStallEP
 .text.USBD_LL_IsStallEP
                0x08017604       0x56 ./USB_DEVICE/Target/usbd_conf.o
                0x08017604                USBD_LL_IsStallEP
 .text.USBD_LL_SetUSBAddress
                0x0801765a       0x3e ./USB_DEVICE/Target/usbd_conf.o
                0x0801765a                USBD_LL_SetUSBAddress
 .text.USBD_LL_Transmit
                0x08017698       0x46 ./USB_DEVICE/Target/usbd_conf.o
                0x08017698                USBD_LL_Transmit
 .text.USBD_LL_PrepareReceive
                0x080176de       0x46 ./USB_DEVICE/Target/usbd_conf.o
                0x080176de                USBD_LL_PrepareReceive
 .text.USBD_LL_GetRxDataSize
                0x08017724       0x26 ./USB_DEVICE/Target/usbd_conf.o
                0x08017724                USBD_LL_GetRxDataSize
 *fill*         0x0801774a        0x2 
 .text.USBD_static_malloc
                0x0801774c       0x18 ./USB_DEVICE/Target/usbd_conf.o
                0x0801774c                USBD_static_malloc
 .text.USBD_static_free
                0x08017764       0x12 ./USB_DEVICE/Target/usbd_conf.o
                0x08017764                USBD_static_free
 .text.HAL_PCDEx_SetConnectionState
                0x08017776       0x16 ./USB_DEVICE/Target/usbd_conf.o
                0x08017776                HAL_PCDEx_SetConnectionState
 .text.USBD_Get_USB_Status
                0x0801778c       0x58 ./USB_DEVICE/Target/usbd_conf.o
 .text.memset   0x080177e4       0x10 D:/7th fucked up term/Embedded System/STM32IDE/STM32CubeIDE_1.19.0/STM32CubeIDE/plugins/com.st.stm32cube.ide.mcu.externaltools.gnu-tools-for-stm32.13.3.rel1.win32_1.0.0.202411081344/tools/bin/../lib/gcc/arm-none-eabi/13.3.1/../../../../arm-none-eabi/lib/thumb/v7-m/nofp\libc_nano.a(libc_a-memset.o)
                0x080177e4                memset
 .text.__libc_init_array
                0x080177f4       0x48 D:/7th fucked up term/Embedded System/STM32IDE/STM32CubeIDE_1.19.0/STM32CubeIDE/plugins/com.st.stm32cube.ide.mcu.externaltools.gnu-tools-for-stm32.13.3.rel1.win32_1.0.0.202411081344/tools/bin/../lib/gcc/arm-none-eabi/13.3.1/../../../../arm-none-eabi/lib/thumb/v7-m/nofp\libc_nano.a(libc_a-init.o)
                0x080177f4                __libc_init_array
 *(.glue_7)
 .glue_7        0x0801783c        0x0 linker stubs
 *(.glue_7t)
 .glue_7t       0x0801783c        0x0 linker stubs
 *(.eh_frame)
 .eh_frame      0x0801783c        0x0 D:/7th fucked up term/Embedded System/STM32IDE/STM32CubeIDE_1.19.0/STM32CubeIDE/plugins/com.st.stm32cube.ide.mcu.externaltools.gnu-tools-for-stm32.13.3.rel1.win32_1.0.0.202411081344/tools/bin/../lib/gcc/arm-none-eabi/13.3.1/thumb/v7-m/nofp/crtbegin.o
 *(.init)
 .init          0x0801783c        0x4 D:/7th fucked up term/Embedded System/STM32IDE/STM32CubeIDE_1.19.0/STM32CubeIDE/plugins/com.st.stm32cube.ide.mcu.externaltools.gnu-tools-for-stm32.13.3.rel1.win32_1.0.0.202411081344/tools/bin/../lib/gcc/arm-none-eabi/13.3.1/thumb/v7-m/nofp/crti.o
                0x0801783c                _init
 .init          0x08017840        0x8 D:/7th fucked up term/Embedded System/STM32IDE/STM32CubeIDE_1.19.0/STM32CubeIDE/plugins/com.st.stm32cube.ide.mcu.externaltools.gnu-tools-for-stm32.13.3.rel1.win32_1.0.0.202411081344/tools/bin/../lib/gcc/arm-none-eabi/13.3.1/thumb/v7-m/nofp/crtn.o
 *(.fini)
 .fini          0x08017848        0x4 D:/7th fucked up term/Embedded System/STM32IDE/STM32CubeIDE_1.19.0/STM32CubeIDE/plugins/com.st.stm32cube.ide.mcu.externaltools.gnu-tools-for-stm32.13.3.rel1.win32_1.0.0.202411081344/tools/bin/../lib/gcc/arm-none-eabi/13.3.1/thumb/v7-m/nofp/crti.o
                0x08017848                _fini
 .fini          0x0801784c        0x8 D:/7th fucked up term/Embedded System/STM32IDE/STM32CubeIDE_1.19.0/STM32CubeIDE/plugins/com.st.stm32cube.ide.mcu.externaltools.gnu-tools-for-stm32.13.3.rel1.win32_1.0.0.202411081344/tools/bin/../lib/gcc/arm-none-eabi/13.3.1/thumb/v7-m/nofp/crtn.o
                0x08017854                        . = ALIGN (0x4)
                0x08017854                        _etext = .

.vfp11_veneer   0x08017854        0x0
 .vfp11_veneer  0x08017854        0x0 linker stubs

.v4_bx          0x08017854        0x0
 .v4_bx         0x08017854        0x0 linker stubs

.iplt           0x08017854        0x0
 .iplt          0x08017854        0x0 D:/7th fucked up term/Embedded System/STM32IDE/STM32CubeIDE_1.19.0/STM32CubeIDE/plugins/com.st.stm32cube.ide.mcu.externaltools.gnu-tools-for-stm32.13.3.rel1.win32_1.0.0.202411081344/tools/bin/../lib/gcc/arm-none-eabi/13.3.1/thumb/v7-m/nofp/crtbegin.o

.rodata         0x08017854       0x7c
                0x08017854                        . = ALIGN (0x4)
 *(.rodata)
 .rodata        0x08017854       0x10 ./Core/Src/usb_serial.o
 .rodata        0x08017864       0x46 ./USB_DEVICE/App/usbd_desc.o
 *(.rodata*)
 *fill*         0x080178aa        0x2 
 .rodata.AHBPrescTable
                0x080178ac       0x10 ./Core/Src/system_stm32f1xx.o
                0x080178ac                AHBPrescTable
 .rodata.aPLLMULFactorTable.1
                0x080178bc       0x10 ./Drivers/STM32F1xx_HAL_Driver/Src/stm32f1xx_hal_rcc.o
 .rodata.aPredivFactorTable.0
                0x080178cc        0x2 ./Drivers/STM32F1xx_HAL_Driver/Src/stm32f1xx_hal_rcc.o
                0x080178d0                        . = ALIGN (0x4)
 *fill*         0x080178ce        0x2 

.ARM.extab      0x080178d0        0x0
                0x080178d0                        . = ALIGN (0x4)
 *(.ARM.extab* .gnu.linkonce.armextab.*)
                0x080178d0                        . = ALIGN (0x4)

.ARM            0x080178d0        0x0
                0x080178d0                        . = ALIGN (0x4)
                0x080178d0                        __exidx_start = .
 *(.ARM.exidx*)
                0x080178d0                        __exidx_end = .
                0x080178d0                        . = ALIGN (0x4)

.preinit_array  0x080178d0        0x0
                0x080178d0                        . = ALIGN (0x4)
                0x080178d0                        PROVIDE (__preinit_array_start = .)
 *(.preinit_array*)
                0x080178d0                        PROVIDE (__preinit_array_end = .)
                0x080178d0                        . = ALIGN (0x4)

.init_array     0x080178d0        0x4
                0x080178d0                        . = ALIGN (0x4)
                0x080178d0                        PROVIDE (__init_array_start = .)
 *(SORT_BY_NAME(.init_array.*))
 *(.init_array*)
 .init_array    0x080178d0        0x4 D:/7th fucked up term/Embedded System/STM32IDE/STM32CubeIDE_1.19.0/STM32CubeIDE/plugins/com.st.stm32cube.ide.mcu.externaltools.gnu-tools-for-stm32.13.3.rel1.win32_1.0.0.202411081344/tools/bin/../lib/gcc/arm-none-eabi/13.3.1/thumb/v7-m/nofp/crtbegin.o
                0x080178d4                        PROVIDE (__init_array_end = .)
                0x080178d4                        . = ALIGN (0x4)

.fini_array     0x080178d4        0x4
                0x080178d4                        . = ALIGN (0x4)
                [!provide]                        PROVIDE (__fini_array_start = .)
 *(SORT_BY_NAME(.fini_array.*))
 *(.fini_array*)
 .fini_array    0x080178d4        0x4 D:/7th fucked up term/Embedded System/STM32IDE/STM32CubeIDE_1.19.0/STM32CubeIDE/plugins/com.st.stm32cube.ide.mcu.externaltools.gnu-tools-for-stm32.13.3.rel1.win32_1.0.0.202411081344/tools/bin/../lib/gcc/arm-none-eabi/13.3.1/thumb/v7-m/nofp/crtbegin.o
                [!provide]                        PROVIDE (__fini_array_end = .)
                0x080178d8                        . = ALIGN (0x4)
                0x080178d8                        _sidata = LOADADDR (.data)

.rel.dyn        0x080178d8        0x0
 .rel.iplt      0x080178d8        0x0 D:/7th fucked up term/Embedded System/STM32IDE/STM32CubeIDE_1.19.0/STM32CubeIDE/plugins/com.st.stm32cube.ide.mcu.externaltools.gnu-tools-for-stm32.13.3.rel1.win32_1.0.0.202411081344/tools/bin/../lib/gcc/arm-none-eabi/13.3.1/thumb/v7-m/nofp/crtbegin.o

.data           0x20000000      0x954 load address 0x080178d8
                0x20000000                        . = ALIGN (0x4)
                0x20000000                        _sdata = .
 *(.data)
 *(.data*)
 .data.SystemCoreClock
                0x20000000        0x4 ./Core/Src/system_stm32f1xx.o
                0x20000000                SystemCoreClock
 .data.Usb      0x20000004      0x7d8 ./Core/Src/usb_serial.o
                0x20000004                Usb
 .data.uwTickPrio
                0x200007dc        0x4 ./Drivers/STM32F1xx_HAL_Driver/Src/stm32f1xx_hal.o
                0x200007dc                uwTickPrio
 .data.uwTickFreq
                0x200007e0        0x1 ./Drivers/STM32F1xx_HAL_Driver/Src/stm32f1xx_hal.o
                0x200007e0                uwTickFreq
 *fill*         0x200007e1        0x3 
 .data.USBD_CDC_DeviceQualifierDesc
                0x200007e4        0xa ./Middlewares/ST/STM32_USB_Device_Library/Class/CDC/Src/usbd_cdc.o
 *fill*         0x200007ee        0x2 
 .data.USBD_CDC
                0x200007f0       0x38 ./Middlewares/ST/STM32_USB_Device_Library/Class/CDC/Src/usbd_cdc.o
                0x200007f0                USBD_CDC
 .data.USBD_CDC_CfgHSDesc
                0x20000828       0x43 ./Middlewares/ST/STM32_USB_Device_Library/Class/CDC/Src/usbd_cdc.o
                0x20000828                USBD_CDC_CfgHSDesc
 *fill*         0x2000086b        0x1 
 .data.USBD_CDC_CfgFSDesc
                0x2000086c       0x43 ./Middlewares/ST/STM32_USB_Device_Library/Class/CDC/Src/usbd_cdc.o
                0x2000086c                USBD_CDC_CfgFSDesc
 *fill*         0x200008af        0x1 
 .data.USBD_CDC_OtherSpeedCfgDesc
                0x200008b0       0x43 ./Middlewares/ST/STM32_USB_Device_Library/Class/CDC/Src/usbd_cdc.o
                0x200008b0                USBD_CDC_OtherSpeedCfgDesc
 *fill*         0x200008f3        0x1 
 .data.USBD_Interface_fops_FS
                0x200008f4       0x10 ./USB_DEVICE/App/usbd_cdc_if.o
                0x200008f4                USBD_Interface_fops_FS
 .data.FS_Desc  0x20000904       0x1c ./USB_DEVICE/App/usbd_desc.o
                0x20000904                FS_Desc
 .data.USBD_FS_DeviceDesc
                0x20000920       0x12 ./USB_DEVICE/App/usbd_desc.o
                0x20000920                USBD_FS_DeviceDesc
 *fill*         0x20000932        0x2 
 .data.USBD_LangIDDesc
                0x20000934        0x4 ./USB_DEVICE/App/usbd_desc.o
                0x20000934                USBD_LangIDDesc
 .data.USBD_StringSerial
                0x20000938       0x1a ./USB_DEVICE/App/usbd_desc.o
                0x20000938                USBD_StringSerial
 *(.RamFunc)
 *(.RamFunc*)
                0x20000954                        . = ALIGN (0x4)
 *fill*         0x20000952        0x2 
                0x20000954                        _edata = .

.igot.plt       0x20000954        0x0 load address 0x0801822c
 .igot.plt      0x20000954        0x0 D:/7th fucked up term/Embedded System/STM32IDE/STM32CubeIDE_1.19.0/STM32CubeIDE/plugins/com.st.stm32cube.ide.mcu.externaltools.gnu-tools-for-stm32.13.3.rel1.win32_1.0.0.202411081344/tools/bin/../lib/gcc/arm-none-eabi/13.3.1/thumb/v7-m/nofp/crtbegin.o
                0x20000954                        . = ALIGN (0x4)

.bss            0x20000954     0x11e0 load address 0x0801822c
                0x20000954                        _sbss = .
                0x20000954                        __bss_start__ = _sbss
 *(.bss)
 .bss           0x20000954       0x1c D:/7th fucked up term/Embedded System/STM32IDE/STM32CubeIDE_1.19.0/STM32CubeIDE/plugins/com.st.stm32cube.ide.mcu.externaltools.gnu-tools-for-stm32.13.3.rel1.win32_1.0.0.202411081344/tools/bin/../lib/gcc/arm-none-eabi/13.3.1/thumb/v7-m/nofp/crtbegin.o
 *(.bss*)
 .bss.uwTick    0x20000970        0x4 ./Drivers/STM32F1xx_HAL_Driver/Src/stm32f1xx_hal.o
                0x20000970                uwTick
 .bss.cfgidx.0  0x20000974        0x1 ./Middlewares/ST/STM32_USB_Device_Library/Core/Src/usbd_ctlreq.o
 *fill*         0x20000975        0x3 
 .bss.hUsbDeviceFS
                0x20000978      0x2c4 ./USB_DEVICE/App/usb_device.o
                0x20000978                hUsbDeviceFS
 .bss.UserRxBufferFS
                0x20000c3c      0x400 ./USB_DEVICE/App/usbd_cdc_if.o
                0x20000c3c                UserRxBufferFS
 .bss.UserTxBufferFS
                0x2000103c      0x400 ./USB_DEVICE/App/usbd_cdc_if.o
                0x2000103c                UserTxBufferFS
 .bss.USBD_StrDesc
                0x2000143c      0x200 ./USB_DEVICE/App/usbd_desc.o
                0x2000143c                USBD_StrDesc
 .bss.hpcd_USB_FS
                0x2000163c      0x2d8 ./USB_DEVICE/Target/usbd_conf.o
                0x2000163c                hpcd_USB_FS
 .bss.mem.0     0x20001914      0x220 ./USB_DEVICE/Target/usbd_conf.o
 *(COMMON)
                0x20001b34                        . = ALIGN (0x4)
                0x20001b34                        _ebss = .
                0x20001b34                        __bss_end__ = _ebss

._user_heap_stack
                0x20001b34      0x604 load address 0x0801822c
                0x20001b38                        . = ALIGN (0x8)
 *fill*         0x20001b34        0x4 
                [!provide]                        PROVIDE (end = .)
                0x20001b38                        PROVIDE (_end = .)
                0x20001d38                        . = (. + _Min_Heap_Size)
 *fill*         0x20001b38      0x200 
                0x20002138                        . = (. + _Min_Stack_Size)
 *fill*         0x20001d38      0x400 
                0x20002138                        . = ALIGN (0x8)

/DISCARD/
 libc.a(*)
 libm.a(*)
 libgcc.a(*)

.ARM.attributes
                0x00000000       0x29
 *(.ARM.attributes)
 .ARM.attributes
                0x00000000       0x1d D:/7th fucked up term/Embedded System/STM32IDE/STM32CubeIDE_1.19.0/STM32CubeIDE/plugins/com.st.stm32cube.ide.mcu.externaltools.gnu-tools-for-stm32.13.3.rel1.win32_1.0.0.202411081344/tools/bin/../lib/gcc/arm-none-eabi/13.3.1/thumb/v7-m/nofp/crti.o
 .ARM.attributes
                0x0000001d       0x2d D:/7th fucked up term/Embedded System/STM32IDE/STM32CubeIDE_1.19.0/STM32CubeIDE/plugins/com.st.stm32cube.ide.mcu.externaltools.gnu-tools-for-stm32.13.3.rel1.win32_1.0.0.202411081344/tools/bin/../lib/gcc/arm-none-eabi/13.3.1/thumb/v7-m/nofp/crtbegin.o
 .ARM.attributes
                0x0000004a       0x2d ./Core/Src/main.o
 .ARM.attributes
                0x00000077       0x2d ./Core/Src/stm32f1xx_hal_msp.o
 .ARM.attributes
                0x000000a4       0x2d ./Core/Src/stm32f1xx_it.o
 .ARM.attributes
                0x000000d1       0x2d ./Core/Src/system_stm32f1xx.o
 .ARM.attributes
                0x000000fe       0x2d ./Core/Src/usb_serial.o
 .ARM.attributes
                0x0000012b       0x21 ./Core/Startup/startup_stm32f103c8tx.o
 .ARM.attributes
                0x0000014c       0x2d ./Drivers/STM32F1xx_HAL_Driver/Src/stm32f1xx_hal.o
 .ARM.attributes
                0x00000179       0x2d ./Drivers/STM32F1xx_HAL_Driver/Src/stm32f1xx_hal_cortex.o
 .ARM.attributes
                0x000001a6       0x2d ./Drivers/STM32F1xx_HAL_Driver/Src/stm32f1xx_hal_gpio.o
 .ARM.attributes
                0x000001d3       0x2d ./Drivers/STM32F1xx_HAL_Driver/Src/stm32f1xx_hal_pcd.o
 .ARM.attributes
                0x00000200       0x2d ./Drivers/STM32F1xx_HAL_Driver/Src/stm32f1xx_hal_pcd_ex.o
 .ARM.attributes
                0x0000022d       0x2d ./Drivers/STM32F1xx_HAL_Driver/Src/stm32f1xx_hal_pwr.o
 .ARM.attributes
                0x0000025a       0x2d ./Drivers/STM32F1xx_HAL_Driver/Src/stm32f1xx_hal_rcc.o
 .ARM.attributes
                0x00000287       0x2d ./Drivers/STM32F1xx_HAL_Driver/Src/stm32f1xx_hal_rcc_ex.o
 .ARM.attributes
                0x000002b4       0x2d ./Drivers/STM32F1xx_HAL_Driver/Src/stm32f1xx_ll_usb.o
 .ARM.attributes
                0x000002e1       0x2d ./Middlewares/ST/STM32_USB_Device_Library/Class/CDC/Src/usbd_cdc.o
 .ARM.attributes
                0x0000030e       0x2d ./Middlewares/ST/STM32_USB_Device_Library/Core/Src/usbd_core.o
 .ARM.attributes
                0x0000033b       0x2d ./Middlewares/ST/STM32_USB_Device_Library/Core/Src/usbd_ctlreq.o
 .ARM.attributes
                0x00000368       0x2d ./Middlewares/ST/STM32_USB_Device_Library/Core/Src/usbd_ioreq.o
 .ARM.attributes
                0x00000395       0x2d ./USB_DEVICE/App/usb_device.o
 .ARM.attributes
                0x000003c2       0x2d ./USB_DEVICE/App/usbd_cdc_if.o
 .ARM.attributes
                0x000003ef       0x2d ./USB_DEVICE/App/usbd_desc.o
 .ARM.attributes
                0x0000041c       0x2d ./USB_DEVICE/Target/usbd_conf.o
 .ARM.attributes
                0x00000449       0x2d D:/7th fucked up term/Embedded System/STM32IDE/STM32CubeIDE_1.19.0/STM32CubeIDE/plugins/com.st.stm32cube.ide.mcu.externaltools.gnu-tools-for-stm32.13.3.rel1.win32_1.0.0.202411081344/tools/bin/../lib/gcc/arm-none-eabi/13.3.1/../../../../arm-none-eabi/lib/thumb/v7-m/nofp\libc_nano.a(libc_a-memset.o)
 .ARM.attributes
                0x00000476       0x2d D:/7th fucked up term/Embedded System/STM32IDE/STM32CubeIDE_1.19.0/STM32CubeIDE/plugins/com.st.stm32cube.ide.mcu.externaltools.gnu-tools-for-stm32.13.3.rel1.win32_1.0.0.202411081344/tools/bin/../lib/gcc/arm-none-eabi/13.3.1/../../../../arm-none-eabi/lib/thumb/v7-m/nofp\libc_nano.a(libc_a-init.o)
 .ARM.attributes
                0x000004a3       0x1d D:/7th fucked up term/Embedded System/STM32IDE/STM32CubeIDE_1.19.0/STM32CubeIDE/plugins/com.st.stm32cube.ide.mcu.externaltools.gnu-tools-for-stm32.13.3.rel1.win32_1.0.0.202411081344/tools/bin/../lib/gcc/arm-none-eabi/13.3.1/thumb/v7-m/nofp/crtn.o
OUTPUT(main_app.elf elf32-littlearm)
LOAD linker stubs
LOAD D:/7th fucked up term/Embedded System/STM32IDE/STM32CubeIDE_1.19.0/STM32CubeIDE/plugins/com.st.stm32cube.ide.mcu.externaltools.gnu-tools-for-stm32.13.3.rel1.win32_1.0.0.202411081344/tools/bin/../lib/gcc/arm-none-eabi/13.3.1/../../../../arm-none-eabi/lib/thumb/v7-m/nofp\libc.a
LOAD D:/7th fucked up term/Embedded System/STM32IDE/STM32CubeIDE_1.19.0/STM32CubeIDE/plugins/com.st.stm32cube.ide.mcu.externaltools.gnu-tools-for-stm32.13.3.rel1.win32_1.0.0.202411081344/tools/bin/../lib/gcc/arm-none-eabi/13.3.1/../../../../arm-none-eabi/lib/thumb/v7-m/nofp\libm.a
LOAD D:/7th fucked up term/Embedded System/STM32IDE/STM32CubeIDE_1.19.0/STM32CubeIDE/plugins/com.st.stm32cube.ide.mcu.externaltools.gnu-tools-for-stm32.13.3.rel1.win32_1.0.0.202411081344/tools/bin/../lib/gcc/arm-none-eabi/13.3.1/thumb/v7-m/nofp\libgcc.a

.debug_info     0x00000000     0xcf02
 .debug_info    0x00000000      0x8eb ./Core/Src/main.o
 .debug_info    0x000008eb      0x1f1 ./Core/Src/stm32f1xx_hal_msp.o
 .debug_info    0x00000adc      0x602 ./Core/Src/stm32f1xx_it.o
 .debug_info    0x000010de      0x222 ./Core/Src/system_stm32f1xx.o
 .debug_info    0x00001300      0x86a ./Core/Src/usb_serial.o
 .debug_info    0x00001b6a       0x30 ./Core/Startup/startup_stm32f103c8tx.o
 .debug_info    0x00001b9a      0x704 ./Drivers/STM32F1xx_HAL_Driver/Src/stm32f1xx_hal.o
 .debug_info    0x0000229e      0xa87 ./Drivers/STM32F1xx_HAL_Driver/Src/stm32f1xx_hal_cortex.o
 .debug_info    0x00002d25      0x5ab ./Drivers/STM32F1xx_HAL_Driver/Src/stm32f1xx_hal_gpio.o
 .debug_info    0x000032d0     0x16dc ./Drivers/STM32F1xx_HAL_Driver/Src/stm32f1xx_hal_pcd.o
 .debug_info    0x000049ac      0x6c3 ./Drivers/STM32F1xx_HAL_Driver/Src/stm32f1xx_hal_pcd_ex.o
 .debug_info    0x0000506f      0x628 ./Drivers/STM32F1xx_HAL_Driver/Src/stm32f1xx_hal_pwr.o
 .debug_info    0x00005697      0x7d5 ./Drivers/STM32F1xx_HAL_Driver/Src/stm32f1xx_hal_rcc.o
 .debug_info    0x00005e6c      0x3c0 ./Drivers/STM32F1xx_HAL_Driver/Src/stm32f1xx_hal_rcc_ex.o
 .debug_info    0x0000622c     0x17ae ./Drivers/STM32F1xx_HAL_Driver/Src/stm32f1xx_ll_usb.o
 .debug_info    0x000079da     0x1043 ./Middlewares/ST/STM32_USB_Device_Library/Class/CDC/Src/usbd_cdc.o
 .debug_info    0x00008a1d      0xa52 ./Middlewares/ST/STM32_USB_Device_Library/Core/Src/usbd_core.o
 .debug_info    0x0000946f      0x91c ./Middlewares/ST/STM32_USB_Device_Library/Core/Src/usbd_ctlreq.o
 .debug_info    0x00009d8b      0x6a0 ./Middlewares/ST/STM32_USB_Device_Library/Core/Src/usbd_ioreq.o
 .debug_info    0x0000a42b      0x63d ./USB_DEVICE/App/usb_device.o
 .debug_info    0x0000aa68      0x7ec ./USB_DEVICE/App/usbd_cdc_if.o
 .debug_info    0x0000b254      0x44a ./USB_DEVICE/App/usbd_desc.o
 .debug_info    0x0000b69e     0x1864 ./USB_DEVICE/Target/usbd_conf.o

.debug_abbrev   0x00000000     0x2e43
 .debug_abbrev  0x00000000      0x2b3 ./Core/Src/main.o
 .debug_abbrev  0x000002b3       0xdb ./Core/Src/stm32f1xx_hal_msp.o
 .debug_abbrev  0x0000038e      0x192 ./Core/Src/stm32f1xx_it.o
 .debug_abbrev  0x00000520      0x13f ./Core/Src/system_stm32f1xx.o
 .debug_abbrev  0x0000065f      0x276 ./Core/Src/usb_serial.o
 .debug_abbrev  0x000008d5       0x24 ./Core/Startup/startup_stm32f103c8tx.o
 .debug_abbrev  0x000008f9      0x201 ./Drivers/STM32F1xx_HAL_Driver/Src/stm32f1xx_hal.o
 .debug_abbrev  0x00000afa      0x2f8 ./Drivers/STM32F1xx_HAL_Driver/Src/stm32f1xx_hal_cortex.o
 .debug_abbrev  0x00000df2      0x1ca ./Drivers/STM32F1xx_HAL_Driver/Src/stm32f1xx_hal_gpio.o
 .debug_abbrev  0x00000fbc      0x2d6 ./Drivers/STM32F1xx_HAL_Driver/Src/stm32f1xx_hal_pcd.o
 .debug_abbrev  0x00001292      0x189 ./Drivers/STM32F1xx_HAL_Driver/Src/stm32f1xx_hal_pcd_ex.o
 .debug_abbrev  0x0000141b      0x1f6 ./Drivers/STM32F1xx_HAL_Driver/Src/stm32f1xx_hal_pwr.o
 .debug_abbrev  0x00001611      0x2b3 ./Drivers/STM32F1xx_HAL_Driver/Src/stm32f1xx_hal_rcc.o
 .debug_abbrev  0x000018c4      0x188 ./Drivers/STM32F1xx_HAL_Driver/Src/stm32f1xx_hal_rcc_ex.o
 .debug_abbrev  0x00001a4c      0x1de ./Drivers/STM32F1xx_HAL_Driver/Src/stm32f1xx_ll_usb.o
 .debug_abbrev  0x00001c2a      0x2d3 ./Middlewares/ST/STM32_USB_Device_Library/Class/CDC/Src/usbd_cdc.o
 .debug_abbrev  0x00001efd      0x24a ./Middlewares/ST/STM32_USB_Device_Library/Core/Src/usbd_core.o
 .debug_abbrev  0x00002147      0x26b ./Middlewares/ST/STM32_USB_Device_Library/Core/Src/usbd_ctlreq.o
 .debug_abbrev  0x000023b2      0x192 ./Middlewares/ST/STM32_USB_Device_Library/Core/Src/usbd_ioreq.o
 .debug_abbrev  0x00002544      0x18d ./USB_DEVICE/App/usb_device.o
 .debug_abbrev  0x000026d1      0x25d ./USB_DEVICE/App/usbd_cdc_if.o
 .debug_abbrev  0x0000292e      0x1ff ./USB_DEVICE/App/usbd_desc.o
 .debug_abbrev  0x00002b2d      0x316 ./USB_DEVICE/Target/usbd_conf.o

.debug_aranges  0x00000000      0xb60
 .debug_aranges
                0x00000000       0x38 ./Core/Src/main.o
 .debug_aranges
                0x00000038       0x20 ./Core/Src/stm32f1xx_hal_msp.o
 .debug_aranges
                0x00000058       0x68 ./Core/Src/stm32f1xx_it.o
 .debug_aranges
                0x000000c0       0x28 ./Core/Src/system_stm32f1xx.o
 .debug_aranges
                0x000000e8       0x48 ./Core/Src/usb_serial.o
 .debug_aranges
                0x00000130       0x28 ./Core/Startup/startup_stm32f103c8tx.o
 .debug_aranges
                0x00000158       0xe0 ./Drivers/STM32F1xx_HAL_Driver/Src/stm32f1xx_hal.o
 .debug_aranges
                0x00000238      0x100 ./Drivers/STM32F1xx_HAL_Driver/Src/stm32f1xx_hal_cortex.o
 .debug_aranges
                0x00000338       0x58 ./Drivers/STM32F1xx_HAL_Driver/Src/stm32f1xx_hal_gpio.o
 .debug_aranges
                0x00000390      0x140 ./Drivers/STM32F1xx_HAL_Driver/Src/stm32f1xx_hal_pcd.o
 .debug_aranges
                0x000004d0       0x38 ./Drivers/STM32F1xx_HAL_Driver/Src/stm32f1xx_hal_pcd_ex.o
 .debug_aranges
                0x00000508       0xa8 ./Drivers/STM32F1xx_HAL_Driver/Src/stm32f1xx_hal_pwr.o
 .debug_aranges
                0x000005b0       0x90 ./Drivers/STM32F1xx_HAL_Driver/Src/stm32f1xx_hal_rcc.o
 .debug_aranges
                0x00000640       0x30 ./Drivers/STM32F1xx_HAL_Driver/Src/stm32f1xx_hal_rcc_ex.o
 .debug_aranges
                0x00000670       0xf8 ./Drivers/STM32F1xx_HAL_Driver/Src/stm32f1xx_ll_usb.o
 .debug_aranges
                0x00000768       0x90 ./Middlewares/ST/STM32_USB_Device_Library/Class/CDC/Src/usbd_cdc.o
 .debug_aranges
                0x000007f8       0xb8 ./Middlewares/ST/STM32_USB_Device_Library/Core/Src/usbd_core.o
 .debug_aranges
                0x000008b0       0x88 ./Middlewares/ST/STM32_USB_Device_Library/Core/Src/usbd_ctlreq.o
 .debug_aranges
                0x00000938       0x50 ./Middlewares/ST/STM32_USB_Device_Library/Core/Src/usbd_ioreq.o
 .debug_aranges
                0x00000988       0x20 ./USB_DEVICE/App/usb_device.o
 .debug_aranges
                0x000009a8       0x40 ./USB_DEVICE/App/usbd_cdc_if.o
 .debug_aranges
                0x000009e8       0x60 ./USB_DEVICE/App/usbd_desc.o
 .debug_aranges
                0x00000a48      0x118 ./USB_DEVICE/Target/usbd_conf.o

.debug_rnglists
                0x00000000      0x844
 .debug_rnglists
                0x00000000       0x27 ./Core/Src/main.o
 .debug_rnglists
                0x00000027       0x13 ./Core/Src/stm32f1xx_hal_msp.o
 .debug_rnglists
                0x0000003a       0x49 ./Core/Src/stm32f1xx_it.o
 .debug_rnglists
                0x00000083       0x1a ./Core/Src/system_stm32f1xx.o
 .debug_rnglists
                0x0000009d       0x31 ./Core/Src/usb_serial.o
 .debug_rnglists
                0x000000ce       0x19 ./Core/Startup/startup_stm32f103c8tx.o
 .debug_rnglists
                0x000000e7       0xa3 ./Drivers/STM32F1xx_HAL_Driver/Src/stm32f1xx_hal.o
 .debug_rnglists
                0x0000018a       0xbb ./Drivers/STM32F1xx_HAL_Driver/Src/stm32f1xx_hal_cortex.o
 .debug_rnglists
                0x00000245       0x3f ./Drivers/STM32F1xx_HAL_Driver/Src/stm32f1xx_hal_gpio.o
 .debug_rnglists
                0x00000284       0xf4 ./Drivers/STM32F1xx_HAL_Driver/Src/stm32f1xx_hal_pcd.o
 .debug_rnglists
                0x00000378       0x26 ./Drivers/STM32F1xx_HAL_Driver/Src/stm32f1xx_hal_pcd_ex.o
 .debug_rnglists
                0x0000039e       0x7a ./Drivers/STM32F1xx_HAL_Driver/Src/stm32f1xx_hal_pwr.o
 .debug_rnglists
                0x00000418       0x6c ./Drivers/STM32F1xx_HAL_Driver/Src/stm32f1xx_hal_rcc.o
 .debug_rnglists
                0x00000484       0x21 ./Drivers/STM32F1xx_HAL_Driver/Src/stm32f1xx_hal_rcc_ex.o
 .debug_rnglists
                0x000004a5       0xbd ./Drivers/STM32F1xx_HAL_Driver/Src/stm32f1xx_ll_usb.o
 .debug_rnglists
                0x00000562       0x6a ./Middlewares/ST/STM32_USB_Device_Library/Class/CDC/Src/usbd_cdc.o
 .debug_rnglists
                0x000005cc       0x89 ./Middlewares/ST/STM32_USB_Device_Library/Core/Src/usbd_core.o
 .debug_rnglists
                0x00000655       0x68 ./Middlewares/ST/STM32_USB_Device_Library/Core/Src/usbd_ctlreq.o
 .debug_rnglists
                0x000006bd       0x37 ./Middlewares/ST/STM32_USB_Device_Library/Core/Src/usbd_ioreq.o
 .debug_rnglists
                0x000006f4       0x13 ./USB_DEVICE/App/usb_device.o
 .debug_rnglists
                0x00000707       0x2c ./USB_DEVICE/App/usbd_cdc_if.o
 .debug_rnglists
                0x00000733       0x43 ./USB_DEVICE/App/usbd_desc.o
 .debug_rnglists
                0x00000776       0xce ./USB_DEVICE/Target/usbd_conf.o

.debug_macro    0x00000000    0x19663
 .debug_macro   0x00000000      0x36a ./Core/Src/main.o
 .debug_macro   0x0000036a      0xacc ./Core/Src/main.o
 .debug_macro   0x00000e36      0x215 ./Core/Src/main.o
 .debug_macro   0x0000104b       0x2e ./Core/Src/main.o
 .debug_macro   0x00001079       0x22 ./Core/Src/main.o
 .debug_macro   0x0000109b       0x22 ./Core/Src/main.o
 .debug_macro   0x000010bd       0x8e ./Core/Src/main.o
 .debug_macro   0x0000114b       0x51 ./Core/Src/main.o
 .debug_macro   0x0000119c      0x103 ./Core/Src/main.o
 .debug_macro   0x0000129f       0x6a ./Core/Src/main.o
 .debug_macro   0x00001309      0x1df ./Core/Src/main.o
 .debug_macro   0x000014e8       0x1c ./Core/Src/main.o
 .debug_macro   0x00001504       0x22 ./Core/Src/main.o
 .debug_macro   0x00001526       0xbd ./Core/Src/main.o
 .debug_macro   0x000015e3      0xd23 ./Core/Src/main.o
 .debug_macro   0x00002306     0xe09e ./Core/Src/main.o
 .debug_macro   0x000103a4       0x6d ./Core/Src/main.o
 .debug_macro   0x00010411     0x34a2 ./Core/Src/main.o
 .debug_macro   0x000138b3      0x190 ./Core/Src/main.o
 .debug_macro   0x00013a43       0x5c ./Core/Src/main.o
 .debug_macro   0x00013a9f      0x5bc ./Core/Src/main.o
 .debug_macro   0x0001405b      0x289 ./Core/Src/main.o
 .debug_macro   0x000142e4      0x1cb ./Core/Src/main.o
 .debug_macro   0x000144af      0x114 ./Core/Src/main.o
 .debug_macro   0x000145c3      0x1b2 ./Core/Src/main.o
 .debug_macro   0x00014775       0x27 ./Core/Src/main.o
 .debug_macro   0x0001479c      0x136 ./Core/Src/main.o
 .debug_macro   0x000148d2      0x1bc ./Core/Src/main.o
 .debug_macro   0x00014a8e       0x34 ./Core/Src/main.o
 .debug_macro   0x00014ac2       0x3c ./Core/Src/main.o
 .debug_macro   0x00014afe       0x57 ./Core/Src/main.o
 .debug_macro   0x00014b55       0x87 ./Core/Src/main.o
 .debug_macro   0x00014bdc      0x240 ./Core/Src/main.o
 .debug_macro   0x00014e1c      0x140 ./Core/Src/main.o
 .debug_macro   0x00014f5c       0xb7 ./Core/Src/main.o
 .debug_macro   0x00015013      0x242 ./Core/Src/main.o
 .debug_macro   0x00015255       0x83 ./Core/Src/main.o
 .debug_macro   0x000152d8       0x61 ./Core/Src/main.o
 .debug_macro   0x00015339       0x24 ./Core/Src/main.o
 .debug_macro   0x0001535d       0x43 ./Core/Src/main.o
 .debug_macro   0x000153a0       0x34 ./Core/Src/main.o
 .debug_macro   0x000153d4       0x16 ./Core/Src/main.o
 .debug_macro   0x000153ea       0x3c ./Core/Src/main.o
 .debug_macro   0x00015426      0x370 ./Core/Src/main.o
 .debug_macro   0x00015796       0x10 ./Core/Src/main.o
 .debug_macro   0x000157a6       0x16 ./Core/Src/main.o
 .debug_macro   0x000157bc       0x4a ./Core/Src/main.o
 .debug_macro   0x00015806       0x34 ./Core/Src/main.o
 .debug_macro   0x0001583a       0x10 ./Core/Src/main.o
 .debug_macro   0x0001584a       0x58 ./Core/Src/main.o
 .debug_macro   0x000158a2       0x8e ./Core/Src/main.o
 .debug_macro   0x00015930       0x1c ./Core/Src/main.o
 .debug_macro   0x0001594c      0x185 ./Core/Src/main.o
 .debug_macro   0x00015ad1       0x16 ./Core/Src/main.o
 .debug_macro   0x00015ae7       0x16 ./Core/Src/main.o
 .debug_macro   0x00015afd      0x146 ./Core/Src/main.o
 .debug_macro   0x00015c43       0x16 ./Core/Src/main.o
 .debug_macro   0x00015c59       0x16 ./Core/Src/main.o
 .debug_macro   0x00015c6f       0x29 ./Core/Src/main.o
 .debug_macro   0x00015c98       0x16 ./Core/Src/main.o
 .debug_macro   0x00015cae       0x20 ./Core/Src/main.o
 .debug_macro   0x00015cce       0x5f ./Core/Src/main.o
 .debug_macro   0x00015d2d      0x1c8 ./Core/Src/main.o
 .debug_macro   0x00015ef5       0x8f ./Core/Src/main.o
 .debug_macro   0x00015f84       0x10 ./Core/Src/main.o
 .debug_macro   0x00015f94      0x1b2 ./Core/Src/stm32f1xx_hal_msp.o
 .debug_macro   0x00016146      0x1bc ./Core/Src/stm32f1xx_it.o
 .debug_macro   0x00016302      0x1a8 ./Core/Src/system_stm32f1xx.o
 .debug_macro   0x000164aa      0x370 ./Core/Src/usb_serial.o
 .debug_macro   0x0001681a      0x1cc ./Drivers/STM32F1xx_HAL_Driver/Src/stm32f1xx_hal.o
 .debug_macro   0x000169e6      0x1a8 ./Drivers/STM32F1xx_HAL_Driver/Src/stm32f1xx_hal_cortex.o
 .debug_macro   0x00016b8e      0x213 ./Drivers/STM32F1xx_HAL_Driver/Src/stm32f1xx_hal_gpio.o
 .debug_macro   0x00016da1      0x1b4 ./Drivers/STM32F1xx_HAL_Driver/Src/stm32f1xx_hal_pcd.o
 .debug_macro   0x00016f55      0x1a8 ./Drivers/STM32F1xx_HAL_Driver/Src/stm32f1xx_hal_pcd_ex.o
 .debug_macro   0x000170fd      0x208 ./Drivers/STM32F1xx_HAL_Driver/Src/stm32f1xx_hal_pwr.o
 .debug_macro   0x00017305      0x1ba ./Drivers/STM32F1xx_HAL_Driver/Src/stm32f1xx_hal_rcc.o
 .debug_macro   0x000174bf      0x1a8 ./Drivers/STM32F1xx_HAL_Driver/Src/stm32f1xx_hal_rcc_ex.o
 .debug_macro   0x00017667      0x1a8 ./Drivers/STM32F1xx_HAL_Driver/Src/stm32f1xx_ll_usb.o
 .debug_macro   0x0001780f      0x341 ./Middlewares/ST/STM32_USB_Device_Library/Class/CDC/Src/usbd_cdc.o
 .debug_macro   0x00017b50       0x9e ./Middlewares/ST/STM32_USB_Device_Library/Class/CDC/Src/usbd_cdc.o
 .debug_macro   0x00017bee      0x112 ./Middlewares/ST/STM32_USB_Device_Library/Class/CDC/Src/usbd_cdc.o
 .debug_macro   0x00017d00       0x56 ./Middlewares/ST/STM32_USB_Device_Library/Class/CDC/Src/usbd_cdc.o
 .debug_macro   0x00017d56      0x328 ./Middlewares/ST/STM32_USB_Device_Library/Core/Src/usbd_core.o
 .debug_macro   0x0001807e      0x1ce ./Middlewares/ST/STM32_USB_Device_Library/Core/Src/usbd_core.o
 .debug_macro   0x0001824c      0x332 ./Middlewares/ST/STM32_USB_Device_Library/Core/Src/usbd_ctlreq.o
 .debug_macro   0x0001857e      0x32e ./Middlewares/ST/STM32_USB_Device_Library/Core/Src/usbd_ioreq.o
 .debug_macro   0x000188ac      0x367 ./USB_DEVICE/App/usb_device.o
 .debug_macro   0x00018c13       0x22 ./USB_DEVICE/App/usb_device.o
 .debug_macro   0x00018c35       0x16 ./USB_DEVICE/App/usb_device.o
 .debug_macro   0x00018c4b      0x34c ./USB_DEVICE/App/usbd_cdc_if.o
 .debug_macro   0x00018f97      0x365 ./USB_DEVICE/App/usbd_desc.o
 .debug_macro   0x000192fc       0x1c ./USB_DEVICE/App/usbd_desc.o
 .debug_macro   0x00019318      0x34b ./USB_DEVICE/Target/usbd_conf.o

.debug_line     0x00000000     0xfb75
 .debug_line    0x00000000      0xac9 ./Core/Src/main.o
 .debug_line    0x00000ac9      0x70f ./Core/Src/stm32f1xx_hal_msp.o
 .debug_line    0x000011d8      0x7d5 ./Core/Src/stm32f1xx_it.o
 .debug_line    0x000019ad      0x78d ./Core/Src/system_stm32f1xx.o
 .debug_line    0x0000213a      0xb40 ./Core/Src/usb_serial.o
 .debug_line    0x00002c7a       0x78 ./Core/Startup/startup_stm32f103c8tx.o
 .debug_line    0x00002cf2      0x9be ./Drivers/STM32F1xx_HAL_Driver/Src/stm32f1xx_hal.o
 .debug_line    0x000036b0      0xb88 ./Drivers/STM32F1xx_HAL_Driver/Src/stm32f1xx_hal_cortex.o
 .debug_line    0x00004238      0xa1b ./Drivers/STM32F1xx_HAL_Driver/Src/stm32f1xx_hal_gpio.o
 .debug_line    0x00004c53     0x1343 ./Drivers/STM32F1xx_HAL_Driver/Src/stm32f1xx_hal_pcd.o
 .debug_line    0x00005f96      0x788 ./Drivers/STM32F1xx_HAL_Driver/Src/stm32f1xx_hal_pcd_ex.o
 .debug_line    0x0000671e      0x962 ./Drivers/STM32F1xx_HAL_Driver/Src/stm32f1xx_hal_pwr.o
 .debug_line    0x00007080      0xe77 ./Drivers/STM32F1xx_HAL_Driver/Src/stm32f1xx_hal_rcc.o
 .debug_line    0x00007ef7      0x928 ./Drivers/STM32F1xx_HAL_Driver/Src/stm32f1xx_hal_rcc_ex.o
 .debug_line    0x0000881f     0x112e ./Drivers/STM32F1xx_HAL_Driver/Src/stm32f1xx_ll_usb.o
 .debug_line    0x0000994d      0xd40 ./Middlewares/ST/STM32_USB_Device_Library/Class/CDC/Src/usbd_cdc.o
 .debug_line    0x0000a68d      0xd95 ./Middlewares/ST/STM32_USB_Device_Library/Core/Src/usbd_core.o
 .debug_line    0x0000b422      0xfdf ./Middlewares/ST/STM32_USB_Device_Library/Core/Src/usbd_ctlreq.o
 .debug_line    0x0000c401      0xa4b ./Middlewares/ST/STM32_USB_Device_Library/Core/Src/usbd_ioreq.o
 .debug_line    0x0000ce4c      0xa1b ./USB_DEVICE/App/usb_device.o
 .debug_line    0x0000d867      0xa53 ./USB_DEVICE/App/usbd_cdc_if.o
 .debug_line    0x0000e2ba      0xac4 ./USB_DEVICE/App/usbd_desc.o
 .debug_line    0x0000ed7e      0xdf7 ./USB_DEVICE/Target/usbd_conf.o

.debug_str      0x00000000    0x84cfc
 .debug_str     0x00000000    0x84cfc ./Core/Src/main.o
                              0x821c5 (size before relaxing)
 .debug_str     0x00084cfc    0x7d7ab ./Core/Src/stm32f1xx_hal_msp.o
 .debug_str     0x00084cfc    0x7db8a ./Core/Src/stm32f1xx_it.o
 .debug_str     0x00084cfc    0x7d7d6 ./Core/Src/system_stm32f1xx.o
 .debug_str     0x00084cfc    0x822c0 ./Core/Src/usb_serial.o
 .debug_str     0x00084cfc       0x60 ./Core/Startup/startup_stm32f103c8tx.o
 .debug_str     0x00084cfc    0x7df09 ./Drivers/STM32F1xx_HAL_Driver/Src/stm32f1xx_hal.o
 .debug_str     0x00084cfc    0x7de55 ./Drivers/STM32F1xx_HAL_Driver/Src/stm32f1xx_hal_cortex.o
 .debug_str     0x00084cfc    0x7db5c ./Drivers/STM32F1xx_HAL_Driver/Src/stm32f1xx_hal_gpio.o
 .debug_str     0x00084cfc    0x7e0f3 ./Drivers/STM32F1xx_HAL_Driver/Src/stm32f1xx_hal_pcd.o
 .debug_str     0x00084cfc    0x7dc55 ./Drivers/STM32F1xx_HAL_Driver/Src/stm32f1xx_hal_pcd_ex.o
 .debug_str     0x00084cfc    0x7dd0d ./Drivers/STM32F1xx_HAL_Driver/Src/stm32f1xx_hal_pwr.o
 .debug_str     0x00084cfc    0x7dc05 ./Drivers/STM32F1xx_HAL_Driver/Src/stm32f1xx_hal_rcc.o
 .debug_str     0x00084cfc    0x7d955 ./Drivers/STM32F1xx_HAL_Driver/Src/stm32f1xx_hal_rcc_ex.o
 .debug_str     0x00084cfc    0x7dca7 ./Drivers/STM32F1xx_HAL_Driver/Src/stm32f1xx_ll_usb.o
 .debug_str     0x00084cfc    0x82742 ./Middlewares/ST/STM32_USB_Device_Library/Class/CDC/Src/usbd_cdc.o
 .debug_str     0x00084cfc    0x82072 ./Middlewares/ST/STM32_USB_Device_Library/Core/Src/usbd_core.o
 .debug_str     0x00084cfc    0x81f8c ./Middlewares/ST/STM32_USB_Device_Library/Core/Src/usbd_ctlreq.o
 .debug_str     0x00084cfc    0x81eb9 ./Middlewares/ST/STM32_USB_Device_Library/Core/Src/usbd_ioreq.o
 .debug_str     0x00084cfc    0x82244 ./USB_DEVICE/App/usb_device.o
 .debug_str     0x00084cfc    0x8226a ./USB_DEVICE/App/usbd_cdc_if.o
 .debug_str     0x00084cfc    0x81df5 ./USB_DEVICE/App/usbd_desc.o
 .debug_str     0x00084cfc    0x82ccf ./USB_DEVICE/Target/usbd_conf.o

.comment        0x00000000       0x43
 .comment       0x00000000       0x43 ./Core/Src/main.o
                                 0x44 (size before relaxing)
 .comment       0x00000043       0x44 ./Core/Src/stm32f1xx_hal_msp.o
 .comment       0x00000043       0x44 ./Core/Src/stm32f1xx_it.o
 .comment       0x00000043       0x44 ./Core/Src/system_stm32f1xx.o
 .comment       0x00000043       0x44 ./Core/Src/usb_serial.o
 .comment       0x00000043       0x44 ./Drivers/STM32F1xx_HAL_Driver/Src/stm32f1xx_hal.o
 .comment       0x00000043       0x44 ./Drivers/STM32F1xx_HAL_Driver/Src/stm32f1xx_hal_cortex.o
 .comment       0x00000043       0x44 ./Drivers/STM32F1xx_HAL_Driver/Src/stm32f1xx_hal_gpio.o
 .comment       0x00000043       0x44 ./Drivers/STM32F1xx_HAL_Driver/Src/stm32f1xx_hal_pcd.o
 .comment       0x00000043       0x44 ./Drivers/STM32F1xx_HAL_Driver/Src/stm32f1xx_hal_pcd_ex.o
 .comment       0x00000043       0x44 ./Drivers/STM32F1xx_HAL_Driver/Src/stm32f1xx_hal_pwr.o
 .comment       0x00000043       0x44 ./Drivers/STM32F1xx_HAL_Driver/Src/stm32f1xx_hal_rcc.o
 .comment       0x00000043       0x44 ./Drivers/STM32F1xx_HAL_Driver/Src/stm32f1xx_hal_rcc_ex.o
 .comment       0x00000043       0x44 ./Drivers/STM32F1xx_HAL_Driver/Src/stm32f1xx_ll_usb.o
 .comment       0x00000043       0x44 ./Middlewares/ST/STM32_USB_Device_Library/Class/CDC/Src/usbd_cdc.o
 .comment       0x00000043       0x44 ./Middlewares/ST/STM32_USB_Device_Library/Core/Src/usbd_core.o
 .comment       0x00000043       0x44 ./Middlewares/ST/STM32_USB_Device_Library/Core/Src/usbd_ctlreq.o
 .comment       0x00000043       0x44 ./Middlewares/ST/STM32_USB_Device_Library/Core/Src/usbd_ioreq.o
 .comment       0x00000043       0x44 ./USB_DEVICE/App/usb_device.o
 .comment       0x00000043       0x44 ./USB_DEVICE/App/usbd_cdc_if.o
 .comment       0x00000043       0x44 ./USB_DEVICE/App/usbd_desc.o
 .comment       0x00000043       0x44 ./USB_DEVICE/Target/usbd_conf.o

.debug_frame    0x00000000     0x2b38
 .debug_frame   0x00000000       0x90 ./Core/Src/main.o
 .debug_frame   0x00000090       0x38 ./Core/Src/stm32f1xx_hal_msp.o
 .debug_frame   0x000000c8      0x120 ./Core/Src/stm32f1xx_it.o
 .debug_frame   0x000001e8       0x58 ./Core/Src/system_stm32f1xx.o
 .debug_frame   0x00000240       0xf0 ./Core/Src/usb_serial.o
 .debug_frame   0x00000330      0x334 ./Drivers/STM32F1xx_HAL_Driver/Src/stm32f1xx_hal.o
 .debug_frame   0x00000664      0x428 ./Drivers/STM32F1xx_HAL_Driver/Src/stm32f1xx_hal_cortex.o
 .debug_frame   0x00000a8c      0x14c ./Drivers/STM32F1xx_HAL_Driver/Src/stm32f1xx_hal_gpio.o
 .debug_frame   0x00000bd8      0x594 ./Drivers/STM32F1xx_HAL_Driver/Src/stm32f1xx_hal_pcd.o
 .debug_frame   0x0000116c       0xb0 ./Drivers/STM32F1xx_HAL_Driver/Src/stm32f1xx_hal_pcd_ex.o
 .debug_frame   0x0000121c      0x270 ./Drivers/STM32F1xx_HAL_Driver/Src/stm32f1xx_hal_pwr.o
 .debug_frame   0x0000148c      0x218 ./Drivers/STM32F1xx_HAL_Driver/Src/stm32f1xx_hal_rcc.o
 .debug_frame   0x000016a4       0x80 ./Drivers/STM32F1xx_HAL_Driver/Src/stm32f1xx_hal_rcc_ex.o
 .debug_frame   0x00001724      0x470 ./Drivers/STM32F1xx_HAL_Driver/Src/stm32f1xx_ll_usb.o
 .debug_frame   0x00001b94      0x248 ./Middlewares/ST/STM32_USB_Device_Library/Class/CDC/Src/usbd_cdc.o
 .debug_frame   0x00001ddc      0x300 ./Middlewares/ST/STM32_USB_Device_Library/Core/Src/usbd_core.o
 .debug_frame   0x000020dc      0x218 ./Middlewares/ST/STM32_USB_Device_Library/Core/Src/usbd_ctlreq.o
 .debug_frame   0x000022f4      0x10c ./Middlewares/ST/STM32_USB_Device_Library/Core/Src/usbd_ioreq.o
 .debug_frame   0x00002400       0x2c ./USB_DEVICE/App/usb_device.o
 .debug_frame   0x0000242c       0xbc ./USB_DEVICE/App/usbd_cdc_if.o
 .debug_frame   0x000024e8      0x160 ./USB_DEVICE/App/usbd_desc.o
 .debug_frame   0x00002648      0x4a4 ./USB_DEVICE/Target/usbd_conf.o
 .debug_frame   0x00002aec       0x20 D:/7th fucked up term/Embedded System/STM32IDE/STM32CubeIDE_1.19.0/STM32CubeIDE/plugins/com.st.stm32cube.ide.mcu.externaltools.gnu-tools-for-stm32.13.3.rel1.win32_1.0.0.202411081344/tools/bin/../lib/gcc/arm-none-eabi/13.3.1/../../../../arm-none-eabi/lib/thumb/v7-m/nofp\libc_nano.a(libc_a-memset.o)
 .debug_frame   0x00002b0c       0x2c D:/7th fucked up term/Embedded System/STM32IDE/STM32CubeIDE_1.19.0/STM32CubeIDE/plugins/com.st.stm32cube.ide.mcu.externaltools.gnu-tools-for-stm32.13.3.rel1.win32_1.0.0.202411081344/tools/bin/../lib/gcc/arm-none-eabi/13.3.1/../../../../arm-none-eabi/lib/thumb/v7-m/nofp\libc_nano.a(libc_a-init.o)

.debug_line_str
                0x00000000       0x44
 .debug_line_str
                0x00000000       0x44 ./Core/Startup/startup_stm32f103c8tx.o
